kotlin version: 2.0.21
error message: org.jetbrains.kotlin.backend.common.BackendException: Backend Internal error: Exception during IR lowering
File being compiled: /Users/ram/StudioProjects/SecretChat/app/src/main/java/com/codewithram/secretchat/ui/home/ChatAdapter.kt
The root cause java.lang.RuntimeException was thrown at: org.jetbrains.kotlin.backend.jvm.codegen.FunctionCodegen.generate(FunctionCodegen.kt:47)
	at org.jetbrains.kotlin.backend.common.CodegenUtil.reportBackendException(CodegenUtil.kt:253)
	at org.jetbrains.kotlin.backend.common.CodegenUtil.reportBackendException$default(CodegenUtil.kt:236)
	at org.jetbrains.kotlin.backend.common.phaser.PerformByIrFilePhase.invokeSequential(performByIrFile.kt:65)
	at org.jetbrains.kotlin.backend.common.phaser.PerformByIrFilePhase.invoke(performByIrFile.kt:52)
	at org.jetbrains.kotlin.backend.common.phaser.PerformByIrFilePhase.invoke(performByIrFile.kt:38)
	at org.jetbrains.kotlin.backend.common.phaser.NamedCompilerPhase.phaseBody(CompilerPhase.kt:166)
	at org.jetbrains.kotlin.backend.common.phaser.AbstractNamedCompilerPhase.invoke(CompilerPhase.kt:113)
	at org.jetbrains.kotlin.backend.common.phaser.CompositePhase.invoke(PhaseBuilders.kt:27)
	at org.jetbrains.kotlin.backend.common.phaser.CompositePhase.invoke(PhaseBuilders.kt:14)
	at org.jetbrains.kotlin.backend.common.phaser.NamedCompilerPhase.phaseBody(CompilerPhase.kt:166)
	at org.jetbrains.kotlin.backend.common.phaser.AbstractNamedCompilerPhase.invoke(CompilerPhase.kt:113)
	at org.jetbrains.kotlin.backend.common.phaser.CompilerPhaseKt.invokeToplevel(CompilerPhase.kt:62)
	at org.jetbrains.kotlin.backend.jvm.JvmIrCodegenFactory.invokeCodegen(JvmIrCodegenFactory.kt:371)
	at org.jetbrains.kotlin.codegen.CodegenFactory.generateModule(CodegenFactory.kt:47)
	at org.jetbrains.kotlin.backend.jvm.JvmIrCodegenFactory.generateModuleInFrontendIRMode(JvmIrCodegenFactory.kt:433)
	at org.jetbrains.kotlin.cli.jvm.compiler.pipeline.JvmCompilerPipelineKt.generateCodeFromIr(jvmCompilerPipeline.kt:246)
	at org.jetbrains.kotlin.cli.jvm.compiler.pipeline.JvmCompilerPipelineKt.compileModulesUsingFrontendIrAndLightTree(jvmCompilerPipeline.kt:142)
	at org.jetbrains.kotlin.cli.jvm.K2JVMCompiler.doExecute(K2JVMCompiler.kt:148)
	at org.jetbrains.kotlin.cli.jvm.K2JVMCompiler.doExecute(K2JVMCompiler.kt:43)
	at org.jetbrains.kotlin.cli.common.CLICompiler.execImpl(CLICompiler.kt:103)
	at org.jetbrains.kotlin.cli.common.CLICompiler.execImpl(CLICompiler.kt:49)
	at org.jetbrains.kotlin.cli.common.CLITool.exec(CLITool.kt:101)
	at org.jetbrains.kotlin.incremental.IncrementalJvmCompilerRunner.runCompiler(IncrementalJvmCompilerRunner.kt:464)
	at org.jetbrains.kotlin.incremental.IncrementalJvmCompilerRunner.runCompiler(IncrementalJvmCompilerRunner.kt:73)
	at org.jetbrains.kotlin.incremental.IncrementalCompilerRunner.doCompile(IncrementalCompilerRunner.kt:506)
	at org.jetbrains.kotlin.incremental.IncrementalCompilerRunner.compileImpl(IncrementalCompilerRunner.kt:423)
	at org.jetbrains.kotlin.incremental.IncrementalCompilerRunner.tryCompileIncrementally$lambda$9$compile(IncrementalCompilerRunner.kt:249)
	at org.jetbrains.kotlin.incremental.IncrementalCompilerRunner.tryCompileIncrementally(IncrementalCompilerRunner.kt:267)
	at org.jetbrains.kotlin.incremental.IncrementalCompilerRunner.compile(IncrementalCompilerRunner.kt:120)
	at org.jetbrains.kotlin.daemon.CompileServiceImplBase.execIncrementalCompiler(CompileServiceImpl.kt:675)
	at org.jetbrains.kotlin.daemon.CompileServiceImplBase.access$execIncrementalCompiler(CompileServiceImpl.kt:92)
	at org.jetbrains.kotlin.daemon.CompileServiceImpl.compile(CompileServiceImpl.kt:1660)
	at java.base/jdk.internal.reflect.DirectMethodHandleAccessor.invoke(Unknown Source)
	at java.base/java.lang.reflect.Method.invoke(Unknown Source)
	at java.rmi/sun.rmi.server.UnicastServerRef.dispatch(Unknown Source)
	at java.rmi/sun.rmi.transport.Transport$1.run(Unknown Source)
	at java.rmi/sun.rmi.transport.Transport$1.run(Unknown Source)
	at java.base/java.security.AccessController.doPrivileged(Unknown Source)
	at java.rmi/sun.rmi.transport.Transport.serviceCall(Unknown Source)
	at java.rmi/sun.rmi.transport.tcp.TCPTransport.handleMessages(Unknown Source)
	at java.rmi/sun.rmi.transport.tcp.TCPTransport$ConnectionHandler.run0(Unknown Source)
	at java.rmi/sun.rmi.transport.tcp.TCPTransport$ConnectionHandler.lambda$run$0(Unknown Source)
	at java.base/java.security.AccessController.doPrivileged(Unknown Source)
	at java.rmi/sun.rmi.transport.tcp.TCPTransport$ConnectionHandler.run(Unknown Source)
	at java.base/java.util.concurrent.ThreadPoolExecutor.runWorker(Unknown Source)
	at java.base/java.util.concurrent.ThreadPoolExecutor$Worker.run(Unknown Source)
	at java.base/java.lang.Thread.run(Unknown Source)
Caused by: java.lang.RuntimeException: Exception while generating code for:
FUN name:bind visibility:public modality:FINAL <> ($this:com.codewithram.secretchat.ui.home.ChatAdapter.SentMessageViewHolder, msg:<root>.Message) returnType:kotlin.Unit
  $this: VALUE_PARAMETER name:<this> type:com.codewithram.secretchat.ui.home.ChatAdapter.SentMessageViewHolder
  VALUE_PARAMETER name:msg index:0 type:<root>.Message
  BLOCK_BODY
    CALL 'public open fun removeAllViews (): kotlin.Unit [fake_override] declared in android.widget.LinearLayout' type=kotlin.Unit origin=null
      $this: GET_FIELD 'FIELD IR_EXTERNAL_JAVA_DECLARATION_STUB name:attachmentContainer type:@[EnhancedNullability] android.widget.LinearLayout visibility:public [final] declared in com.codewithram.secretchat.databinding.ItemMessageSentBinding' type=@[EnhancedNullability] android.widget.LinearLayout superQualifierSymbol=com.codewithram.secretchat.databinding.ItemMessageSentBinding origin=null
        receiver: GET_FIELD 'FIELD PROPERTY_BACKING_FIELD name:binding type:com.codewithram.secretchat.databinding.ItemMessageSentBinding visibility:private [final]' type=com.codewithram.secretchat.databinding.ItemMessageSentBinding origin=null
          receiver: GET_VAR '<this>: com.codewithram.secretchat.ui.home.ChatAdapter.SentMessageViewHolder declared in com.codewithram.secretchat.ui.home.ChatAdapter.SentMessageViewHolder.bind' type=com.codewithram.secretchat.ui.home.ChatAdapter.SentMessageViewHolder origin=null
    CALL 'public open fun removeAllViews (): kotlin.Unit [fake_override] declared in android.widget.LinearLayout' type=kotlin.Unit origin=null
      $this: GET_FIELD 'FIELD IR_EXTERNAL_JAVA_DECLARATION_STUB name:replyImageContainer type:@[EnhancedNullability] android.widget.LinearLayout visibility:public [final] declared in com.codewithram.secretchat.databinding.ItemMessageSentBinding' type=@[EnhancedNullability] android.widget.LinearLayout superQualifierSymbol=com.codewithram.secretchat.databinding.ItemMessageSentBinding origin=null
        receiver: GET_FIELD 'FIELD PROPERTY_BACKING_FIELD name:binding type:com.codewithram.secretchat.databinding.ItemMessageSentBinding visibility:private [final]' type=com.codewithram.secretchat.databinding.ItemMessageSentBinding origin=null
          receiver: GET_VAR '<this>: com.codewithram.secretchat.ui.home.ChatAdapter.SentMessageViewHolder declared in com.codewithram.secretchat.ui.home.ChatAdapter.SentMessageViewHolder.bind' type=com.codewithram.secretchat.ui.home.ChatAdapter.SentMessageViewHolder origin=null
    VAR name:ctx type:@[FlexibleNullability] android.content.Context? [val]
      CALL 'public final fun getContext (): @[FlexibleNullability] android.content.Context? [fake_override] declared in android.widget.FrameLayout' type=@[FlexibleNullability] android.content.Context? origin=GET_PROPERTY
        $this: CALL 'public open fun getRoot (): @[EnhancedNullability] android.widget.FrameLayout declared in com.codewithram.secretchat.databinding.ItemMessageSentBinding' type=@[EnhancedNullability] android.widget.FrameLayout origin=GET_PROPERTY
          $this: GET_FIELD 'FIELD PROPERTY_BACKING_FIELD name:binding type:com.codewithram.secretchat.databinding.ItemMessageSentBinding visibility:private [final]' type=com.codewithram.secretchat.databinding.ItemMessageSentBinding origin=null
            receiver: GET_VAR '<this>: com.codewithram.secretchat.ui.home.ChatAdapter.SentMessageViewHolder declared in com.codewithram.secretchat.ui.home.ChatAdapter.SentMessageViewHolder.bind' type=com.codewithram.secretchat.ui.home.ChatAdapter.SentMessageViewHolder origin=null
    VAR name:screenWidth type:kotlin.Int [val]
      GET_FIELD 'FIELD IR_EXTERNAL_JAVA_DECLARATION_STUB name:widthPixels type:kotlin.Int visibility:public declared in android.util.DisplayMetrics' type=kotlin.Int superQualifierSymbol=android.util.DisplayMetrics origin=null
        receiver: CALL 'public open fun getDisplayMetrics (): @[FlexibleNullability] android.util.DisplayMetrics? declared in android.content.res.Resources' type=@[FlexibleNullability] android.util.DisplayMetrics? origin=GET_PROPERTY
          $this: CALL 'public abstract fun getResources (): @[FlexibleNullability] android.content.res.Resources? declared in android.content.Context' type=@[FlexibleNullability] android.content.res.Resources? origin=GET_PROPERTY
            $this: GET_VAR 'val ctx: @[FlexibleNullability] android.content.Context? [val] declared in com.codewithram.secretchat.ui.home.ChatAdapter.SentMessageViewHolder.bind' type=@[FlexibleNullability] android.content.Context? origin=null
    VAR name:maxWidth type:kotlin.Int [val]
      CALL 'public open fun toInt (): kotlin.Int declared in kotlin.Float' type=kotlin.Int origin=null
        $this: CALL 'public final fun times (other: kotlin.Float): kotlin.Float [operator] declared in kotlin.Int' type=kotlin.Float origin=MUL
          $this: GET_VAR 'val screenWidth: kotlin.Int [val] declared in com.codewithram.secretchat.ui.home.ChatAdapter.SentMessageViewHolder.bind' type=kotlin.Int origin=null
          other: CONST Float type=kotlin.Float value=0.55
    VAR name:hasText type:kotlin.Boolean [val]
      CALL 'public final fun not (): kotlin.Boolean [operator] declared in kotlin.Boolean' type=kotlin.Boolean origin=null
        $this: CALL 'public final fun isNullOrBlank (): kotlin.Boolean [inline] declared in kotlin.text.StringsKt' type=kotlin.Boolean origin=null
          $receiver: CALL 'public final fun <get-encrypted_body> (): kotlin.String declared in <root>.Message' type=kotlin.String origin=GET_PROPERTY
            $this: GET_VAR 'msg: <root>.Message declared in com.codewithram.secretchat.ui.home.ChatAdapter.SentMessageViewHolder.bind' type=<root>.Message origin=null
    VAR name:hasAttachments type:kotlin.Boolean [val]
      CALL 'public final fun isNotEmpty <T> (): kotlin.Boolean [inline] declared in kotlin.collections.CollectionsKt' type=kotlin.Boolean origin=null
        <T>: <root>.Attachment
        $receiver: CALL 'public final fun <get-attachments> (): kotlin.collections.List<<root>.Attachment> declared in <root>.Message' type=kotlin.collections.List<<root>.Attachment> origin=GET_PROPERTY
          $this: GET_VAR 'msg: <root>.Message declared in com.codewithram.secretchat.ui.home.ChatAdapter.SentMessageViewHolder.bind' type=<root>.Message origin=null
    BLOCK type=kotlin.Unit origin=FOLDED_ELVIS
      WHEN type=kotlin.Unit origin=FOLDED_ELVIS
        BRANCH
          if: CALL 'public final fun ANDAND (arg0: kotlin.Boolean, arg1: kotlin.Boolean): kotlin.Boolean declared in kotlin.internal.ir' type=kotlin.Boolean origin=null
            arg0: COMPOSITE type=kotlin.Boolean origin=null
              VAR IR_TEMPORARY_VARIABLE name:tmp0_safe_receiver type:<root>.Message? [val]
                CALL 'public final fun <get-reply_to> (): <root>.Message? declared in <root>.Message' type=<root>.Message? origin=GET_PROPERTY
                  $this: GET_VAR 'msg: <root>.Message declared in com.codewithram.secretchat.ui.home.ChatAdapter.SentMessageViewHolder.bind' type=<root>.Message origin=null
              CALL 'public final fun not (): kotlin.Boolean [operator] declared in kotlin.Boolean' type=kotlin.Boolean origin=null
                $this: CALL 'public final fun EQEQ (arg0: kotlin.Any?, arg1: kotlin.Any?): kotlin.Boolean declared in kotlin.internal.ir' type=kotlin.Boolean origin=null
                  arg0: GET_VAR 'val tmp0_safe_receiver: <root>.Message? [val] declared in com.codewithram.secretchat.ui.home.ChatAdapter.SentMessageViewHolder.bind' type=<root>.Message? origin=null
                  arg1: CONST Null type=kotlin.Nothing? value=null
            arg1: COMPOSITE type=kotlin.Boolean origin=null
              VAR IR_TEMPORARY_VARIABLE name:tmp1_elvis_lhs type:kotlin.Unit [val]
                CALL 'public final fun let <T, R> (block: kotlin.Function1<T of kotlin.StandardKt.let, R of kotlin.StandardKt.let>): R of kotlin.StandardKt.let [inline] declared in kotlin.StandardKt' type=kotlin.Unit origin=null
                  <T>: <root>.Message
                  <R>: kotlin.Unit
                  $receiver: GET_VAR 'val tmp0_safe_receiver: <root>.Message? [val] declared in com.codewithram.secretchat.ui.home.ChatAdapter.SentMessageViewHolder.bind' type=<root>.Message? origin=null
                  block: BLOCK type=kotlin.Function1<<root>.Message, kotlin.Unit> origin=LAMBDA
                    COMPOSITE type=kotlin.Unit origin=null
                    FUNCTION_REFERENCE 'private final fun bind$lambda$14 (this$0: com.codewithram.secretchat.ui.home.ChatAdapter.SentMessageViewHolder, $ctx: @[FlexibleNullability] android.content.Context?, this$1: com.codewithram.secretchat.ui.home.ChatAdapter, reply: <root>.Message): kotlin.Unit declared in com.codewithram.secretchat.ui.home.ChatAdapter.SentMessageViewHolder' type=kotlin.Function1<<root>.Message, kotlin.Unit> origin=INLINE_LAMBDA reflectionTarget=null
                      this$0: GET_VAR '<this>: com.codewithram.secretchat.ui.home.ChatAdapter.SentMessageViewHolder declared in com.codewithram.secretchat.ui.home.ChatAdapter.SentMessageViewHolder.bind' type=com.codewithram.secretchat.ui.home.ChatAdapter.SentMessageViewHolder origin=null
                      $ctx: GET_VAR 'val ctx: @[FlexibleNullability] android.content.Context? [val] declared in com.codewithram.secretchat.ui.home.ChatAdapter.SentMessageViewHolder.bind' type=@[FlexibleNullability] android.content.Context? origin=null
                      this$1: GET_FIELD 'FIELD FIELD_FOR_OUTER_THIS name:this$0 type:com.codewithram.secretchat.ui.home.ChatAdapter visibility:public/*package*/ [final] declared in com.codewithram.secretchat.ui.home.ChatAdapter.SentMessageViewHolder' type=com.codewithram.secretchat.ui.home.ChatAdapter origin=null
                        receiver: GET_VAR '<this>: com.codewithram.secretchat.ui.home.ChatAdapter.SentMessageViewHolder declared in com.codewithram.secretchat.ui.home.ChatAdapter.SentMessageViewHolder.bind' type=com.codewithram.secretchat.ui.home.ChatAdapter.SentMessageViewHolder origin=null
              CALL 'public final fun not (): kotlin.Boolean [operator] declared in kotlin.Boolean' type=kotlin.Boolean origin=null
                $this: CALL 'public final fun EQEQ (arg0: kotlin.Any?, arg1: kotlin.Any?): kotlin.Boolean declared in kotlin.internal.ir' type=kotlin.Boolean origin=null
                  arg0: GET_VAR 'val tmp1_elvis_lhs: kotlin.Unit [val] declared in com.codewithram.secretchat.ui.home.ChatAdapter.SentMessageViewHolder.bind' type=kotlin.Unit origin=null
                  arg1: CONST Null type=kotlin.Nothing? value=null
          then: GET_VAR 'val tmp1_elvis_lhs: kotlin.Unit [val] declared in com.codewithram.secretchat.ui.home.ChatAdapter.SentMessageViewHolder.bind' type=kotlin.Unit origin=null
        BRANCH
          if: CONST Boolean type=kotlin.Boolean value=true
          then: CALL 'public final fun run <T, R> (block: @[ExtensionFunctionType] kotlin.Function1<T of kotlin.StandardKt.run, R of kotlin.StandardKt.run>): R of kotlin.StandardKt.run [inline] declared in kotlin.StandardKt' type=kotlin.Unit origin=null
            <T>: com.codewithram.secretchat.ui.home.ChatAdapter.SentMessageViewHolder
            <R>: kotlin.Unit
            $receiver: GET_VAR '<this>: com.codewithram.secretchat.ui.home.ChatAdapter.SentMessageViewHolder declared in com.codewithram.secretchat.ui.home.ChatAdapter.SentMessageViewHolder.bind' type=com.codewithram.secretchat.ui.home.ChatAdapter.SentMessageViewHolder origin=null
            block: BLOCK type=@[ExtensionFunctionType] kotlin.Function1<com.codewithram.secretchat.ui.home.ChatAdapter.SentMessageViewHolder, kotlin.Unit> origin=LAMBDA
              COMPOSITE type=kotlin.Unit origin=null
              FUNCTION_REFERENCE 'private final fun bind$lambda$15 (): kotlin.Unit declared in com.codewithram.secretchat.ui.home.ChatAdapter.SentMessageViewHolder' type=@[ExtensionFunctionType] kotlin.Function1<com.codewithram.secretchat.ui.home.ChatAdapter.SentMessageViewHolder, kotlin.Unit> origin=INLINE_LAMBDA reflectionTarget=null
    WHEN type=kotlin.Unit origin=IF
      BRANCH
        if: GET_VAR 'val hasText: kotlin.Boolean [val] declared in com.codewithram.secretchat.ui.home.ChatAdapter.SentMessageViewHolder.bind' type=kotlin.Boolean origin=null
        then: BLOCK type=kotlin.Unit origin=null
          CALL 'public open fun setVisibility (p0: kotlin.Int): kotlin.Unit [fake_override] declared in android.widget.TextView' type=kotlin.Unit origin=EQ
            $this: GET_FIELD 'FIELD IR_EXTERNAL_JAVA_DECLARATION_STUB name:textMessageBody type:@[EnhancedNullability] android.widget.TextView visibility:public [final] declared in com.codewithram.secretchat.databinding.ItemMessageSentBinding' type=@[EnhancedNullability] android.widget.TextView superQualifierSymbol=com.codewithram.secretchat.databinding.ItemMessageSentBinding origin=null
              receiver: GET_FIELD 'FIELD PROPERTY_BACKING_FIELD name:binding type:com.codewithram.secretchat.databinding.ItemMessageSentBinding visibility:private [final]' type=com.codewithram.secretchat.databinding.ItemMessageSentBinding origin=null
                receiver: GET_VAR '<this>: com.codewithram.secretchat.ui.home.ChatAdapter.SentMessageViewHolder declared in com.codewithram.secretchat.ui.home.ChatAdapter.SentMessageViewHolder.bind' type=com.codewithram.secretchat.ui.home.ChatAdapter.SentMessageViewHolder origin=null
            p0: CONST Int type=kotlin.Int value=0
          CALL 'public final fun setText (p0: @[FlexibleNullability] kotlin.CharSequence?): kotlin.Unit declared in android.widget.TextView' type=kotlin.Unit origin=EQ
            $this: GET_FIELD 'FIELD IR_EXTERNAL_JAVA_DECLARATION_STUB name:textMessageBody type:@[EnhancedNullability] android.widget.TextView visibility:public [final] declared in com.codewithram.secretchat.databinding.ItemMessageSentBinding' type=@[EnhancedNullability] android.widget.TextView superQualifierSymbol=com.codewithram.secretchat.databinding.ItemMessageSentBinding origin=null
              receiver: GET_FIELD 'FIELD PROPERTY_BACKING_FIELD name:binding type:com.codewithram.secretchat.databinding.ItemMessageSentBinding visibility:private [final]' type=com.codewithram.secretchat.databinding.ItemMessageSentBinding origin=null
                receiver: GET_VAR '<this>: com.codewithram.secretchat.ui.home.ChatAdapter.SentMessageViewHolder declared in com.codewithram.secretchat.ui.home.ChatAdapter.SentMessageViewHolder.bind' type=com.codewithram.secretchat.ui.home.ChatAdapter.SentMessageViewHolder origin=null
            p0: CALL 'public final fun <get-encrypted_body> (): kotlin.String declared in <root>.Message' type=kotlin.String origin=GET_PROPERTY
              $this: GET_VAR 'msg: <root>.Message declared in com.codewithram.secretchat.ui.home.ChatAdapter.SentMessageViewHolder.bind' type=<root>.Message origin=null
          CALL 'public open fun setMaxWidth (p0: kotlin.Int): kotlin.Unit declared in android.widget.TextView' type=kotlin.Unit origin=EQ
            $this: GET_FIELD 'FIELD IR_EXTERNAL_JAVA_DECLARATION_STUB name:textMessageBody type:@[EnhancedNullability] android.widget.TextView visibility:public [final] declared in com.codewithram.secretchat.databinding.ItemMessageSentBinding' type=@[EnhancedNullability] android.widget.TextView superQualifierSymbol=com.codewithram.secretchat.databinding.ItemMessageSentBinding origin=null
              receiver: GET_FIELD 'FIELD PROPERTY_BACKING_FIELD name:binding type:com.codewithram.secretchat.databinding.ItemMessageSentBinding visibility:private [final]' type=com.codewithram.secretchat.databinding.ItemMessageSentBinding origin=null
                receiver: GET_VAR '<this>: com.codewithram.secretchat.ui.home.ChatAdapter.SentMessageViewHolder declared in com.codewithram.secretchat.ui.home.ChatAdapter.SentMessageViewHolder.bind' type=com.codewithram.secretchat.ui.home.ChatAdapter.SentMessageViewHolder origin=null
            p0: GET_VAR 'val maxWidth: kotlin.Int [val] declared in com.codewithram.secretchat.ui.home.ChatAdapter.SentMessageViewHolder.bind' type=kotlin.Int origin=null
          CALL 'public final fun setText (p0: @[FlexibleNullability] kotlin.CharSequence?): kotlin.Unit declared in android.widget.TextView' type=kotlin.Unit origin=EQ
            $this: GET_FIELD 'FIELD IR_EXTERNAL_JAVA_DECLARATION_STUB name:textMessageTime type:@[EnhancedNullability] android.widget.TextView visibility:public [final] declared in com.codewithram.secretchat.databinding.ItemMessageSentBinding' type=@[EnhancedNullability] android.widget.TextView superQualifierSymbol=com.codewithram.secretchat.databinding.ItemMessageSentBinding origin=null
              receiver: GET_FIELD 'FIELD PROPERTY_BACKING_FIELD name:binding type:com.codewithram.secretchat.databinding.ItemMessageSentBinding visibility:private [final]' type=com.codewithram.secretchat.databinding.ItemMessageSentBinding origin=null
                receiver: GET_VAR '<this>: com.codewithram.secretchat.ui.home.ChatAdapter.SentMessageViewHolder declared in com.codewithram.secretchat.ui.home.ChatAdapter.SentMessageViewHolder.bind' type=com.codewithram.secretchat.ui.home.ChatAdapter.SentMessageViewHolder origin=null
            p0: CALL 'public final fun access$formatTime ($this: com.codewithram.secretchat.ui.home.ChatAdapter, utcTimestamp: kotlin.String): kotlin.String declared in com.codewithram.secretchat.ui.home.ChatAdapter' type=kotlin.String origin=null
              $this: GET_FIELD 'FIELD FIELD_FOR_OUTER_THIS name:this$0 type:com.codewithram.secretchat.ui.home.ChatAdapter visibility:public/*package*/ [final] declared in com.codewithram.secretchat.ui.home.ChatAdapter.SentMessageViewHolder' type=com.codewithram.secretchat.ui.home.ChatAdapter origin=null
                receiver: GET_VAR '<this>: com.codewithram.secretchat.ui.home.ChatAdapter.SentMessageViewHolder declared in com.codewithram.secretchat.ui.home.ChatAdapter.SentMessageViewHolder.bind' type=com.codewithram.secretchat.ui.home.ChatAdapter.SentMessageViewHolder origin=null
              utcTimestamp: CALL 'public final fun <get-inserted_at> (): kotlin.String declared in <root>.Message' type=kotlin.String origin=GET_PROPERTY
                $this: GET_VAR 'msg: <root>.Message declared in com.codewithram.secretchat.ui.home.ChatAdapter.SentMessageViewHolder.bind' type=<root>.Message origin=null
          VAR IR_TEMPORARY_VARIABLE name:<destruct> type:kotlin.Pair<kotlin.Int, kotlin.Int> [val]
            CALL 'private final fun getStatusIconAndColor (msg: <root>.Message): kotlin.Pair<kotlin.Int, kotlin.Int> declared in com.codewithram.secretchat.ui.home.ChatAdapter.SentMessageViewHolder' type=kotlin.Pair<kotlin.Int, kotlin.Int> origin=null
              $this: GET_VAR '<this>: com.codewithram.secretchat.ui.home.ChatAdapter.SentMessageViewHolder declared in com.codewithram.secretchat.ui.home.ChatAdapter.SentMessageViewHolder.bind' type=com.codewithram.secretchat.ui.home.ChatAdapter.SentMessageViewHolder origin=null
              msg: GET_VAR 'msg: <root>.Message declared in com.codewithram.secretchat.ui.home.ChatAdapter.SentMessageViewHolder.bind' type=<root>.Message origin=null
          VAR name:iconRes type:kotlin.Int [val]
            CALL 'public final fun component1 (): A of kotlin.Pair [operator] declared in kotlin.Pair' type=kotlin.Int origin=COMPONENT_N(index=1)
              $this: GET_VAR 'val <destruct>: kotlin.Pair<kotlin.Int, kotlin.Int> [val] declared in com.codewithram.secretchat.ui.home.ChatAdapter.SentMessageViewHolder.bind' type=kotlin.Pair<kotlin.Int, kotlin.Int> origin=null
          VAR name:tintRes type:kotlin.Int [val]
            CALL 'public final fun component2 (): B of kotlin.Pair [operator] declared in kotlin.Pair' type=kotlin.Int origin=COMPONENT_N(index=2)
              $this: GET_VAR 'val <destruct>: kotlin.Pair<kotlin.Int, kotlin.Int> [val] declared in com.codewithram.secretchat.ui.home.ChatAdapter.SentMessageViewHolder.bind' type=kotlin.Pair<kotlin.Int, kotlin.Int> origin=null
          CALL 'public open fun setImageResource (p0: kotlin.Int): kotlin.Unit declared in android.widget.ImageView' type=kotlin.Unit origin=null
            $this: GET_FIELD 'FIELD IR_EXTERNAL_JAVA_DECLARATION_STUB name:imageMessageStatus type:@[EnhancedNullability] android.widget.ImageView visibility:public [final] declared in com.codewithram.secretchat.databinding.ItemMessageSentBinding' type=@[EnhancedNullability] android.widget.ImageView superQualifierSymbol=com.codewithram.secretchat.databinding.ItemMessageSentBinding origin=null
              receiver: GET_FIELD 'FIELD PROPERTY_BACKING_FIELD name:binding type:com.codewithram.secretchat.databinding.ItemMessageSentBinding visibility:private [final]' type=com.codewithram.secretchat.databinding.ItemMessageSentBinding origin=null
                receiver: GET_VAR '<this>: com.codewithram.secretchat.ui.home.ChatAdapter.SentMessageViewHolder declared in com.codewithram.secretchat.ui.home.ChatAdapter.SentMessageViewHolder.bind' type=com.codewithram.secretchat.ui.home.ChatAdapter.SentMessageViewHolder origin=null
            p0: GET_VAR 'val iconRes: kotlin.Int [val] declared in com.codewithram.secretchat.ui.home.ChatAdapter.SentMessageViewHolder.bind' type=kotlin.Int origin=null
          CALL 'public final fun setColorFilter (p0: kotlin.Int): kotlin.Unit declared in android.widget.ImageView' type=kotlin.Unit origin=null
            $this: GET_FIELD 'FIELD IR_EXTERNAL_JAVA_DECLARATION_STUB name:imageMessageStatus type:@[EnhancedNullability] android.widget.ImageView visibility:public [final] declared in com.codewithram.secretchat.databinding.ItemMessageSentBinding' type=@[EnhancedNullability] android.widget.ImageView superQualifierSymbol=com.codewithram.secretchat.databinding.ItemMessageSentBinding origin=null
              receiver: GET_FIELD 'FIELD PROPERTY_BACKING_FIELD name:binding type:com.codewithram.secretchat.databinding.ItemMessageSentBinding visibility:private [final]' type=com.codewithram.secretchat.databinding.ItemMessageSentBinding origin=null
                receiver: GET_VAR '<this>: com.codewithram.secretchat.ui.home.ChatAdapter.SentMessageViewHolder declared in com.codewithram.secretchat.ui.home.ChatAdapter.SentMessageViewHolder.bind' type=com.codewithram.secretchat.ui.home.ChatAdapter.SentMessageViewHolder origin=null
            p0: CALL 'public open fun getColor (p0: @[NonNull] @[FlexibleNullability] android.content.Context?, p1: kotlin.Int): kotlin.Int declared in androidx.core.content.ContextCompat' type=kotlin.Int origin=null
              p0: GET_VAR 'val ctx: @[FlexibleNullability] android.content.Context? [val] declared in com.codewithram.secretchat.ui.home.ChatAdapter.SentMessageViewHolder.bind' type=@[FlexibleNullability] android.content.Context? origin=null
              p1: GET_VAR 'val tintRes: kotlin.Int [val] declared in com.codewithram.secretchat.ui.home.ChatAdapter.SentMessageViewHolder.bind' type=kotlin.Int origin=null
      BRANCH
        if: CONST Boolean type=kotlin.Boolean value=true
        then: BLOCK type=kotlin.Unit origin=null
          CALL 'public open fun setVisibility (p0: kotlin.Int): kotlin.Unit [fake_override] declared in android.widget.TextView' type=kotlin.Unit origin=EQ
            $this: GET_FIELD 'FIELD IR_EXTERNAL_JAVA_DECLARATION_STUB name:textMessageBody type:@[EnhancedNullability] android.widget.TextView visibility:public [final] declared in com.codewithram.secretchat.databinding.ItemMessageSentBinding' type=@[EnhancedNullability] android.widget.TextView superQualifierSymbol=com.codewithram.secretchat.databinding.ItemMessageSentBinding origin=null
              receiver: GET_FIELD 'FIELD PROPERTY_BACKING_FIELD name:binding type:com.codewithram.secretchat.databinding.ItemMessageSentBinding visibility:private [final]' type=com.codewithram.secretchat.databinding.ItemMessageSentBinding origin=null
                receiver: GET_VAR '<this>: com.codewithram.secretchat.ui.home.ChatAdapter.SentMessageViewHolder declared in com.codewithram.secretchat.ui.home.ChatAdapter.SentMessageViewHolder.bind' type=com.codewithram.secretchat.ui.home.ChatAdapter.SentMessageViewHolder origin=null
            p0: CONST Int type=kotlin.Int value=8
    WHEN type=kotlin.Unit origin=IF
      BRANCH
        if: GET_VAR 'val hasAttachments: kotlin.Boolean [val] declared in com.codewithram.secretchat.ui.home.ChatAdapter.SentMessageViewHolder.bind' type=kotlin.Boolean origin=null
        then: BLOCK type=kotlin.Unit origin=null
          CALL 'public open fun setVisibility (p0: kotlin.Int): kotlin.Unit [fake_override] declared in android.widget.LinearLayout' type=kotlin.Unit origin=EQ
            $this: GET_FIELD 'FIELD IR_EXTERNAL_JAVA_DECLARATION_STUB name:attachmentBubbleLayout type:@[EnhancedNullability] android.widget.LinearLayout visibility:public [final] declared in com.codewithram.secretchat.databinding.ItemMessageSentBinding' type=@[EnhancedNullability] android.widget.LinearLayout superQualifierSymbol=com.codewithram.secretchat.databinding.ItemMessageSentBinding origin=null
              receiver: GET_FIELD 'FIELD PROPERTY_BACKING_FIELD name:binding type:com.codewithram.secretchat.databinding.ItemMessageSentBinding visibility:private [final]' type=com.codewithram.secretchat.databinding.ItemMessageSentBinding origin=null
                receiver: GET_VAR '<this>: com.codewithram.secretchat.ui.home.ChatAdapter.SentMessageViewHolder declared in com.codewithram.secretchat.ui.home.ChatAdapter.SentMessageViewHolder.bind' type=com.codewithram.secretchat.ui.home.ChatAdapter.SentMessageViewHolder origin=null
            p0: CONST Int type=kotlin.Int value=0
          VAR name:onlyFiles type:kotlin.Boolean [val]
            CALL 'public final fun all <T> (predicate: kotlin.Function1<T of kotlin.collections.CollectionsKt.all, kotlin.Boolean>): kotlin.Boolean [inline] declared in kotlin.collections.CollectionsKt' type=kotlin.Boolean origin=null
              <T>: <root>.Attachment
              $receiver: CALL 'public final fun <get-attachments> (): kotlin.collections.List<<root>.Attachment> declared in <root>.Message' type=kotlin.collections.List<<root>.Attachment> origin=GET_PROPERTY
                $this: GET_VAR 'msg: <root>.Message declared in com.codewithram.secretchat.ui.home.ChatAdapter.SentMessageViewHolder.bind' type=<root>.Message origin=null
              predicate: BLOCK type=kotlin.Function1<<root>.Attachment, kotlin.Boolean> origin=LAMBDA
                COMPOSITE type=kotlin.Unit origin=null
                FUNCTION_REFERENCE 'private final fun bind$lambda$16 (it: <root>.Attachment): kotlin.Boolean declared in com.codewithram.secretchat.ui.home.ChatAdapter.SentMessageViewHolder' type=kotlin.Function1<<root>.Attachment, kotlin.Boolean> origin=INLINE_LAMBDA reflectionTarget=null
          CALL 'public final fun forEach <T> (action: kotlin.Function1<T of kotlin.collections.CollectionsKt.forEach, kotlin.Unit>): kotlin.Unit [inline] declared in kotlin.collections.CollectionsKt' type=kotlin.Unit origin=null
            <T>: <root>.Attachment
            $receiver: CALL 'public final fun <get-attachments> (): kotlin.collections.List<<root>.Attachment> declared in <root>.Message' type=kotlin.collections.List<<root>.Attachment> origin=GET_PROPERTY
              $this: GET_VAR 'msg: <root>.Message declared in com.codewithram.secretchat.ui.home.ChatAdapter.SentMessageViewHolder.bind' type=<root>.Message origin=null
            action: BLOCK type=kotlin.Function1<<root>.Attachment, kotlin.Unit> origin=LAMBDA
              COMPOSITE type=kotlin.Unit origin=null
              FUNCTION_REFERENCE 'private final fun bind$lambda$18 (this$0: com.codewithram.secretchat.ui.home.ChatAdapter.SentMessageViewHolder, $msg: <root>.Message, $hasText: kotlin.Boolean, a: <root>.Attachment): kotlin.Unit declared in com.codewithram.secretchat.ui.home.ChatAdapter.SentMessageViewHolder' type=kotlin.Function1<<root>.Attachment, kotlin.Unit> origin=INLINE_LAMBDA reflectionTarget=null
                this$0: GET_VAR '<this>: com.codewithram.secretchat.ui.home.ChatAdapter.SentMessageViewHolder declared in com.codewithram.secretchat.ui.home.ChatAdapter.SentMessageViewHolder.bind' type=com.codewithram.secretchat.ui.home.ChatAdapter.SentMessageViewHolder origin=null
                $msg: GET_VAR 'msg: <root>.Message declared in com.codewithram.secretchat.ui.home.ChatAdapter.SentMessageViewHolder.bind' type=<root>.Message origin=null
                $hasText: GET_VAR 'val hasText: kotlin.Boolean [val] declared in com.codewithram.secretchat.ui.home.ChatAdapter.SentMessageViewHolder.bind' type=kotlin.Boolean origin=null
          WHEN type=kotlin.Unit origin=IF
            BRANCH
              if: CALL 'public final fun ANDAND (arg0: kotlin.Boolean, arg1: kotlin.Boolean): kotlin.Boolean declared in kotlin.internal.ir' type=kotlin.Boolean origin=null
                arg0: CALL 'public final fun not (): kotlin.Boolean [operator] declared in kotlin.Boolean' type=kotlin.Boolean origin=null
                  $this: GET_VAR 'val hasText: kotlin.Boolean [val] declared in com.codewithram.secretchat.ui.home.ChatAdapter.SentMessageViewHolder.bind' type=kotlin.Boolean origin=null
                arg1: GET_VAR 'val onlyFiles: kotlin.Boolean [val] declared in com.codewithram.secretchat.ui.home.ChatAdapter.SentMessageViewHolder.bind' type=kotlin.Boolean origin=null
              then: BLOCK type=kotlin.Unit origin=null
                CALL 'public open fun setVisibility (p0: kotlin.Int): kotlin.Unit [fake_override] declared in android.widget.LinearLayout' type=kotlin.Unit origin=EQ
                  $this: GET_FIELD 'FIELD IR_EXTERNAL_JAVA_DECLARATION_STUB name:attachmentTimeStatusRow type:@[EnhancedNullability] android.widget.LinearLayout visibility:public [final] declared in com.codewithram.secretchat.databinding.ItemMessageSentBinding' type=@[EnhancedNullability] android.widget.LinearLayout superQualifierSymbol=com.codewithram.secretchat.databinding.ItemMessageSentBinding origin=null
                    receiver: GET_FIELD 'FIELD PROPERTY_BACKING_FIELD name:binding type:com.codewithram.secretchat.databinding.ItemMessageSentBinding visibility:private [final]' type=com.codewithram.secretchat.databinding.ItemMessageSentBinding origin=null
                      receiver: GET_VAR '<this>: com.codewithram.secretchat.ui.home.ChatAdapter.SentMessageViewHolder declared in com.codewithram.secretchat.ui.home.ChatAdapter.SentMessageViewHolder.bind' type=com.codewithram.secretchat.ui.home.ChatAdapter.SentMessageViewHolder origin=null
                  p0: CONST Int type=kotlin.Int value=0
                CALL 'public final fun setText (p0: @[FlexibleNullability] kotlin.CharSequence?): kotlin.Unit declared in android.widget.TextView' type=kotlin.Unit origin=EQ
                  $this: GET_FIELD 'FIELD IR_EXTERNAL_JAVA_DECLARATION_STUB name:attachmentTimeOverlay type:@[EnhancedNullability] android.widget.TextView visibility:public [final] declared in com.codewithram.secretchat.databinding.ItemMessageSentBinding' type=@[EnhancedNullability] android.widget.TextView superQualifierSymbol=com.codewithram.secretchat.databinding.ItemMessageSentBinding origin=null
                    receiver: GET_FIELD 'FIELD PROPERTY_BACKING_FIELD name:binding type:com.codewithram.secretchat.databinding.ItemMessageSentBinding visibility:private [final]' type=com.codewithram.secretchat.databinding.ItemMessageSentBinding origin=null
                      receiver: GET_VAR '<this>: com.codewithram.secretchat.ui.home.ChatAdapter.SentMessageViewHolder declared in com.codewithram.secretchat.ui.home.ChatAdapter.SentMessageViewHolder.bind' type=com.codewithram.secretchat.ui.home.ChatAdapter.SentMessageViewHolder origin=null
                  p0: CALL 'public final fun access$formatTime ($this: com.codewithram.secretchat.ui.home.ChatAdapter, utcTimestamp: kotlin.String): kotlin.String declared in com.codewithram.secretchat.ui.home.ChatAdapter' type=kotlin.String origin=null
                    $this: GET_FIELD 'FIELD FIELD_FOR_OUTER_THIS name:this$0 type:com.codewithram.secretchat.ui.home.ChatAdapter visibility:public/*package*/ [final] declared in com.codewithram.secretchat.ui.home.ChatAdapter.SentMessageViewHolder' type=com.codewithram.secretchat.ui.home.ChatAdapter origin=null
                      receiver: GET_VAR '<this>: com.codewithram.secretchat.ui.home.ChatAdapter.SentMessageViewHolder declared in com.codewithram.secretchat.ui.home.ChatAdapter.SentMessageViewHolder.bind' type=com.codewithram.secretchat.ui.home.ChatAdapter.SentMessageViewHolder origin=null
                    utcTimestamp: CALL 'public final fun <get-inserted_at> (): kotlin.String declared in <root>.Message' type=kotlin.String origin=GET_PROPERTY
                      $this: GET_VAR 'msg: <root>.Message declared in com.codewithram.secretchat.ui.home.ChatAdapter.SentMessageViewHolder.bind' type=<root>.Message origin=null
                VAR IR_TEMPORARY_VARIABLE name:<destruct> type:kotlin.Pair<kotlin.Int, kotlin.Int> [val]
                  CALL 'private final fun getStatusIconAndColor (msg: <root>.Message): kotlin.Pair<kotlin.Int, kotlin.Int> declared in com.codewithram.secretchat.ui.home.ChatAdapter.SentMessageViewHolder' type=kotlin.Pair<kotlin.Int, kotlin.Int> origin=null
                    $this: GET_VAR '<this>: com.codewithram.secretchat.ui.home.ChatAdapter.SentMessageViewHolder declared in com.codewithram.secretchat.ui.home.ChatAdapter.SentMessageViewHolder.bind' type=com.codewithram.secretchat.ui.home.ChatAdapter.SentMessageViewHolder origin=null
                    msg: GET_VAR 'msg: <root>.Message declared in com.codewithram.secretchat.ui.home.ChatAdapter.SentMessageViewHolder.bind' type=<root>.Message origin=null
                VAR name:aIcon type:kotlin.Int [val]
                  CALL 'public final fun component1 (): A of kotlin.Pair [operator] declared in kotlin.Pair' type=kotlin.Int origin=COMPONENT_N(index=1)
                    $this: GET_VAR 'val <destruct>: kotlin.Pair<kotlin.Int, kotlin.Int> [val] declared in com.codewithram.secretchat.ui.home.ChatAdapter.SentMessageViewHolder.bind' type=kotlin.Pair<kotlin.Int, kotlin.Int> origin=null
                VAR name:aTint type:kotlin.Int [val]
                  CALL 'public final fun component2 (): B of kotlin.Pair [operator] declared in kotlin.Pair' type=kotlin.Int origin=COMPONENT_N(index=2)
                    $this: GET_VAR 'val <destruct>: kotlin.Pair<kotlin.Int, kotlin.Int> [val] declared in com.codewithram.secretchat.ui.home.ChatAdapter.SentMessageViewHolder.bind' type=kotlin.Pair<kotlin.Int, kotlin.Int> origin=null
                CALL 'public open fun setImageResource (p0: kotlin.Int): kotlin.Unit declared in android.widget.ImageView' type=kotlin.Unit origin=null
                  $this: GET_FIELD 'FIELD IR_EXTERNAL_JAVA_DECLARATION_STUB name:attachmentStatusOverlay type:@[EnhancedNullability] android.widget.ImageView visibility:public [final] declared in com.codewithram.secretchat.databinding.ItemMessageSentBinding' type=@[EnhancedNullability] android.widget.ImageView superQualifierSymbol=com.codewithram.secretchat.databinding.ItemMessageSentBinding origin=null
                    receiver: GET_FIELD 'FIELD PROPERTY_BACKING_FIELD name:binding type:com.codewithram.secretchat.databinding.ItemMessageSentBinding visibility:private [final]' type=com.codewithram.secretchat.databinding.ItemMessageSentBinding origin=null
                      receiver: GET_VAR '<this>: com.codewithram.secretchat.ui.home.ChatAdapter.SentMessageViewHolder declared in com.codewithram.secretchat.ui.home.ChatAdapter.SentMessageViewHolder.bind' type=com.codewithram.secretchat.ui.home.ChatAdapter.SentMessageViewHolder origin=null
                  p0: GET_VAR 'val aIcon: kotlin.Int [val] declared in com.codewithram.secretchat.ui.home.ChatAdapter.SentMessageViewHolder.bind' type=kotlin.Int origin=null
                CALL 'public final fun setColorFilter (p0: kotlin.Int): kotlin.Unit declared in android.widget.ImageView' type=kotlin.Unit origin=null
                  $this: GET_FIELD 'FIELD IR_EXTERNAL_JAVA_DECLARATION_STUB name:attachmentStatusOverlay type:@[EnhancedNullability] android.widget.ImageView visibility:public [final] declared in com.codewithram.secretchat.databinding.ItemMessageSentBinding' type=@[EnhancedNullability] android.widget.ImageView superQualifierSymbol=com.codewithram.secretchat.databinding.ItemMessageSentBinding origin=null
                    receiver: GET_FIELD 'FIELD PROPERTY_BACKING_FIELD name:binding type:com.codewithram.secretchat.databinding.ItemMessageSentBinding visibility:private [final]' type=com.codewithram.secretchat.databinding.ItemMessageSentBinding origin=null
                      receiver: GET_VAR '<this>: com.codewithram.secretchat.ui.home.ChatAdapter.SentMessageViewHolder declared in com.codewithram.secretchat.ui.home.ChatAdapter.SentMessageViewHolder.bind' type=com.codewithram.secretchat.ui.home.ChatAdapter.SentMessageViewHolder origin=null
                  p0: CALL 'public open fun getColor (p0: @[NonNull] @[FlexibleNullability] android.content.Context?, p1: kotlin.Int): kotlin.Int declared in androidx.core.content.ContextCompat' type=kotlin.Int origin=null
                    p0: GET_VAR 'val ctx: @[FlexibleNullability] android.content.Context? [val] declared in com.codewithram.secretchat.ui.home.ChatAdapter.SentMessageViewHolder.bind' type=@[FlexibleNullability] android.content.Context? origin=null
                    p1: GET_VAR 'val aTint: kotlin.Int [val] declared in com.codewithram.secretchat.ui.home.ChatAdapter.SentMessageViewHolder.bind' type=kotlin.Int origin=null
            BRANCH
              if: CONST Boolean type=kotlin.Boolean value=true
              then: BLOCK type=kotlin.Unit origin=null
                CALL 'public open fun setVisibility (p0: kotlin.Int): kotlin.Unit [fake_override] declared in android.widget.LinearLayout' type=kotlin.Unit origin=EQ
                  $this: GET_FIELD 'FIELD IR_EXTERNAL_JAVA_DECLARATION_STUB name:attachmentTimeStatusRow type:@[EnhancedNullability] android.widget.LinearLayout visibility:public [final] declared in com.codewithram.secretchat.databinding.ItemMessageSentBinding' type=@[EnhancedNullability] android.widget.LinearLayout superQualifierSymbol=com.codewithram.secretchat.databinding.ItemMessageSentBinding origin=null
                    receiver: GET_FIELD 'FIELD PROPERTY_BACKING_FIELD name:binding type:com.codewithram.secretchat.databinding.ItemMessageSentBinding visibility:private [final]' type=com.codewithram.secretchat.databinding.ItemMessageSentBinding origin=null
                      receiver: GET_VAR '<this>: com.codewithram.secretchat.ui.home.ChatAdapter.SentMessageViewHolder declared in com.codewithram.secretchat.ui.home.ChatAdapter.SentMessageViewHolder.bind' type=com.codewithram.secretchat.ui.home.ChatAdapter.SentMessageViewHolder origin=null
                  p0: CONST Int type=kotlin.Int value=8
      BRANCH
        if: CONST Boolean type=kotlin.Boolean value=true
        then: BLOCK type=kotlin.Unit origin=null
          CALL 'public open fun setVisibility (p0: kotlin.Int): kotlin.Unit [fake_override] declared in android.widget.LinearLayout' type=kotlin.Unit origin=EQ
            $this: GET_FIELD 'FIELD IR_EXTERNAL_JAVA_DECLARATION_STUB name:attachmentBubbleLayout type:@[EnhancedNullability] android.widget.LinearLayout visibility:public [final] declared in com.codewithram.secretchat.databinding.ItemMessageSentBinding' type=@[EnhancedNullability] android.widget.LinearLayout superQualifierSymbol=com.codewithram.secretchat.databinding.ItemMessageSentBinding origin=null
              receiver: GET_FIELD 'FIELD PROPERTY_BACKING_FIELD name:binding type:com.codewithram.secretchat.databinding.ItemMessageSentBinding visibility:private [final]' type=com.codewithram.secretchat.databinding.ItemMessageSentBinding origin=null
                receiver: GET_VAR '<this>: com.codewithram.secretchat.ui.home.ChatAdapter.SentMessageViewHolder declared in com.codewithram.secretchat.ui.home.ChatAdapter.SentMessageViewHolder.bind' type=com.codewithram.secretchat.ui.home.ChatAdapter.SentMessageViewHolder origin=null
            p0: CONST Int type=kotlin.Int value=8
    CALL 'public open fun setOnLongClickListener (p0: @[EnhancedNullability] android.view.View.OnLongClickListener?): kotlin.Unit [fake_override] declared in android.widget.FrameLayout' type=kotlin.Unit origin=null
      $this: CALL 'public open fun getRoot (): @[EnhancedNullability] android.widget.FrameLayout declared in com.codewithram.secretchat.databinding.ItemMessageSentBinding' type=@[EnhancedNullability] android.widget.FrameLayout origin=GET_PROPERTY
        $this: GET_FIELD 'FIELD PROPERTY_BACKING_FIELD name:binding type:com.codewithram.secretchat.databinding.ItemMessageSentBinding visibility:private [final]' type=com.codewithram.secretchat.databinding.ItemMessageSentBinding origin=null
          receiver: GET_VAR '<this>: com.codewithram.secretchat.ui.home.ChatAdapter.SentMessageViewHolder declared in com.codewithram.secretchat.ui.home.ChatAdapter.SentMessageViewHolder.bind' type=com.codewithram.secretchat.ui.home.ChatAdapter.SentMessageViewHolder origin=null
      p0: BLOCK type=android.view.View.OnLongClickListener origin=LAMBDA
        COMPOSITE type=kotlin.Unit origin=null
        CALL 'public final fun <jvm-indy> <T> (dynamicCall: T of kotlin.jvm.internal.<jvm-indy>, bootstrapMethodHandle: kotlin.Any, vararg bootstrapMethodArguments: kotlin.Any): T of kotlin.jvm.internal.<jvm-indy> declared in kotlin.jvm.internal' type=android.view.View.OnLongClickListener origin=null
          <T>: android.view.View.OnLongClickListener
          dynamicCall: CALL 'public final fun onLongClick (p0: com.codewithram.secretchat.ui.home.ChatAdapter.SentMessageViewHolder, p1: <root>.Message): android.view.View.OnLongClickListener declared in kotlin.jvm.internal.invokeDynamic' type=android.view.View.OnLongClickListener origin=null
            p0: GET_VAR '<this>: com.codewithram.secretchat.ui.home.ChatAdapter.SentMessageViewHolder declared in com.codewithram.secretchat.ui.home.ChatAdapter.SentMessageViewHolder.bind' type=com.codewithram.secretchat.ui.home.ChatAdapter.SentMessageViewHolder origin=null
            p1: GET_VAR 'msg: <root>.Message declared in com.codewithram.secretchat.ui.home.ChatAdapter.SentMessageViewHolder.bind' type=<root>.Message origin=null
          bootstrapMethodHandle: CALL 'public final fun <jvm-method-handle> (tag: kotlin.Int, owner: kotlin.String, name: kotlin.String, descriptor: kotlin.String, isInterface: kotlin.Boolean): kotlin.Any declared in kotlin.jvm.internal' type=kotlin.Any origin=null
            tag: CONST Int type=kotlin.Int value=6
            owner: CONST String type=kotlin.String value="java/lang/invoke/LambdaMetafactory"
            name: CONST String type=kotlin.String value="metafactory"
            descriptor: CONST String type=kotlin.String value="(Ljava/lang/invoke/MethodHandles$Lookup;Ljava/lang/String;Ljava/lang/invoke/MethodType;Ljava/lang/invoke/MethodType;Ljava/lang/invoke/MethodHandle;Ljava/lang/invoke/MethodType;)Ljava/lang/invoke/CallSite;"
            isInterface: CONST Boolean type=kotlin.Boolean value=false
          bootstrapMethodArguments: VARARG type=kotlin.Array<kotlin.Any> varargElementType=kotlin.Any
            CALL 'public final fun <jvm-original-method-type> (method: kotlin.Any): kotlin.Any declared in kotlin.jvm.internal' type=kotlin.Any origin=null
              method: RAW_FUNCTION_REFERENCE 'public abstract fun onLongClick (p0: @[FlexibleNullability] android.view.View?): kotlin.Boolean declared in android.view.View.OnLongClickListener' type=kotlin.Any
            RAW_FUNCTION_REFERENCE 'private final fun bind$lambda$19 (this$0: com.codewithram.secretchat.ui.home.ChatAdapter.SentMessageViewHolder, $msg: <root>.Message, it: @[FlexibleNullability] android.view.View?): kotlin.Boolean declared in com.codewithram.secretchat.ui.home.ChatAdapter.SentMessageViewHolder' type=kotlin.Any
            CALL 'public final fun <jvm-original-method-type> (method: kotlin.Any): kotlin.Any declared in kotlin.jvm.internal' type=kotlin.Any origin=null
              method: RAW_FUNCTION_REFERENCE 'public abstract fun onLongClick (p0: @[FlexibleNullability] android.view.View?): kotlin.Boolean [fake_override] declared in kotlin.jvm.internal.invokeDynamic.<fake>' type=kotlin.Any

	at org.jetbrains.kotlin.backend.jvm.codegen.FunctionCodegen.generate(FunctionCodegen.kt:47)
	at org.jetbrains.kotlin.backend.jvm.codegen.FunctionCodegen.generate$default(FunctionCodegen.kt:40)
	at org.jetbrains.kotlin.backend.jvm.codegen.ClassCodegen.generateMethodNode(ClassCodegen.kt:406)
	at org.jetbrains.kotlin.backend.jvm.codegen.ClassCodegen.generateMethod(ClassCodegen.kt:423)
	at org.jetbrains.kotlin.backend.jvm.codegen.ClassCodegen.generate(ClassCodegen.kt:168)
	at org.jetbrains.kotlin.backend.jvm.codegen.ClassCodegen.generate(ClassCodegen.kt:181)
	at org.jetbrains.kotlin.backend.jvm.FileCodegen.lower(JvmPhases.kt:39)
	at org.jetbrains.kotlin.backend.common.phaser.PhaseFactoriesKt.createFilePhase$lambda$4(PhaseFactories.kt:71)
	at org.jetbrains.kotlin.backend.common.phaser.PhaseBuildersKt$createSimpleNamedCompilerPhase$1.phaseBody(PhaseBuilders.kt:69)
	at org.jetbrains.kotlin.backend.common.phaser.SimpleNamedCompilerPhase.phaseBody(CompilerPhase.kt:226)
	at org.jetbrains.kotlin.backend.common.phaser.AbstractNamedCompilerPhase.invoke(CompilerPhase.kt:113)
	at org.jetbrains.kotlin.backend.common.phaser.PerformByIrFilePhase.invokeSequential(performByIrFile.kt:62)
	... 44 more
Caused by: java.lang.RuntimeException: Exception while generating code for:
FUN INLINE_LAMBDA name:bind$lambda$14 visibility:private modality:FINAL <> (this$0:com.codewithram.secretchat.ui.home.ChatAdapter.SentMessageViewHolder, $ctx:@[FlexibleNullability] android.content.Context?, this$1:com.codewithram.secretchat.ui.home.ChatAdapter, reply:<root>.Message) returnType:kotlin.Unit
  VALUE_PARAMETER BOUND_VALUE_PARAMETER name:this$0 index:0 type:com.codewithram.secretchat.ui.home.ChatAdapter.SentMessageViewHolder
  VALUE_PARAMETER BOUND_VALUE_PARAMETER name:$ctx index:1 type:@[FlexibleNullability] android.content.Context?
  VALUE_PARAMETER BOUND_VALUE_PARAMETER name:this$1 index:2 type:com.codewithram.secretchat.ui.home.ChatAdapter
  VALUE_PARAMETER name:reply index:3 type:<root>.Message
  BLOCK_BODY
    VAR name:$i$a$-let-ChatAdapter$SentMessageViewHolder$bind$1 type:kotlin.Int [val]
      CONST Int type=kotlin.Int value=0
    CALL 'public open fun setVisibility (p0: kotlin.Int): kotlin.Unit [fake_override] declared in android.widget.LinearLayout' type=kotlin.Unit origin=EQ
      $this: GET_FIELD 'FIELD IR_EXTERNAL_JAVA_DECLARATION_STUB name:replyLayout type:@[EnhancedNullability] android.widget.LinearLayout visibility:public [final] declared in com.codewithram.secretchat.databinding.ItemMessageSentBinding' type=@[EnhancedNullability] android.widget.LinearLayout superQualifierSymbol=com.codewithram.secretchat.databinding.ItemMessageSentBinding origin=null
        receiver: GET_FIELD 'FIELD PROPERTY_BACKING_FIELD name:binding type:com.codewithram.secretchat.databinding.ItemMessageSentBinding visibility:private [final]' type=com.codewithram.secretchat.databinding.ItemMessageSentBinding origin=null
          receiver: GET_VAR 'this$0: com.codewithram.secretchat.ui.home.ChatAdapter.SentMessageViewHolder declared in com.codewithram.secretchat.ui.home.ChatAdapter.SentMessageViewHolder.bind$lambda$14' type=com.codewithram.secretchat.ui.home.ChatAdapter.SentMessageViewHolder origin=null
      p0: CONST Int type=kotlin.Int value=0
    CALL 'public final fun setText (p0: @[FlexibleNullability] kotlin.CharSequence?): kotlin.Unit declared in android.widget.TextView' type=kotlin.Unit origin=EQ
      $this: GET_FIELD 'FIELD IR_EXTERNAL_JAVA_DECLARATION_STUB name:replySenderTextView type:@[EnhancedNullability] android.widget.TextView visibility:public [final] declared in com.codewithram.secretchat.databinding.ItemMessageSentBinding' type=@[EnhancedNullability] android.widget.TextView superQualifierSymbol=com.codewithram.secretchat.databinding.ItemMessageSentBinding origin=null
        receiver: GET_FIELD 'FIELD PROPERTY_BACKING_FIELD name:binding type:com.codewithram.secretchat.databinding.ItemMessageSentBinding visibility:private [final]' type=com.codewithram.secretchat.databinding.ItemMessageSentBinding origin=null
          receiver: GET_VAR 'this$0: com.codewithram.secretchat.ui.home.ChatAdapter.SentMessageViewHolder declared in com.codewithram.secretchat.ui.home.ChatAdapter.SentMessageViewHolder.bind$lambda$14' type=com.codewithram.secretchat.ui.home.ChatAdapter.SentMessageViewHolder origin=null
      p0: BLOCK type=@[FlexibleNullability] kotlin.CharSequence? origin=FOLDED_ELVIS
        WHEN type=@[FlexibleNullability] kotlin.CharSequence? origin=FOLDED_ELVIS
          BRANCH
            if: COMPOSITE type=kotlin.Boolean origin=null
              VAR IR_TEMPORARY_VARIABLE name:tmp0_elvis_lhs type:kotlin.String? [val]
                CALL 'public final fun <get-sender_display_name> (): kotlin.String? declared in <root>.Message' type=kotlin.String? origin=GET_PROPERTY
                  $this: GET_VAR 'reply: <root>.Message declared in com.codewithram.secretchat.ui.home.ChatAdapter.SentMessageViewHolder.bind$lambda$14' type=<root>.Message origin=null
              CALL 'public final fun not (): kotlin.Boolean [operator] declared in kotlin.Boolean' type=kotlin.Boolean origin=null
                $this: CALL 'public final fun EQEQ (arg0: kotlin.Any?, arg1: kotlin.Any?): kotlin.Boolean declared in kotlin.internal.ir' type=kotlin.Boolean origin=null
                  arg0: GET_VAR 'val tmp0_elvis_lhs: kotlin.String? [val] declared in com.codewithram.secretchat.ui.home.ChatAdapter.SentMessageViewHolder.bind$lambda$14' type=kotlin.String? origin=null
                  arg1: CONST Null type=kotlin.Nothing? value=null
            then: GET_VAR 'val tmp0_elvis_lhs: kotlin.String? [val] declared in com.codewithram.secretchat.ui.home.ChatAdapter.SentMessageViewHolder.bind$lambda$14' type=kotlin.String? origin=null
          BRANCH
            if: CONST Boolean type=kotlin.Boolean value=true
            then: CONST String type=kotlin.String value="Unknown"
    CALL 'public final fun setText (p0: @[FlexibleNullability] kotlin.CharSequence?): kotlin.Unit declared in android.widget.TextView' type=kotlin.Unit origin=EQ
      $this: GET_FIELD 'FIELD IR_EXTERNAL_JAVA_DECLARATION_STUB name:replyMessageTextView type:@[EnhancedNullability] android.widget.TextView visibility:public [final] declared in com.codewithram.secretchat.databinding.ItemMessageSentBinding' type=@[EnhancedNullability] android.widget.TextView superQualifierSymbol=com.codewithram.secretchat.databinding.ItemMessageSentBinding origin=null
        receiver: GET_FIELD 'FIELD PROPERTY_BACKING_FIELD name:binding type:com.codewithram.secretchat.databinding.ItemMessageSentBinding visibility:private [final]' type=com.codewithram.secretchat.databinding.ItemMessageSentBinding origin=null
          receiver: GET_VAR 'this$0: com.codewithram.secretchat.ui.home.ChatAdapter.SentMessageViewHolder declared in com.codewithram.secretchat.ui.home.ChatAdapter.SentMessageViewHolder.bind$lambda$14' type=com.codewithram.secretchat.ui.home.ChatAdapter.SentMessageViewHolder origin=null
      p0: WHEN type=@[FlexibleNullability] kotlin.CharSequence? origin=WHEN
        BRANCH
          if: CALL 'public final fun isNotEmpty <T> (): kotlin.Boolean [inline] declared in kotlin.collections.CollectionsKt' type=kotlin.Boolean origin=null
            <T>: <root>.Attachment
            $receiver: CALL 'public final fun <get-attachments> (): kotlin.collections.List<<root>.Attachment> declared in <root>.Message' type=kotlin.collections.List<<root>.Attachment> origin=GET_PROPERTY
              $this: GET_VAR 'reply: <root>.Message declared in com.codewithram.secretchat.ui.home.ChatAdapter.SentMessageViewHolder.bind$lambda$14' type=<root>.Message origin=null
          then: BLOCK type=kotlin.String origin=null
            VAR name:firstMime type:kotlin.String [val]
              BLOCK type=kotlin.String origin=FOLDED_ELVIS
                WHEN type=kotlin.String origin=FOLDED_ELVIS
                  BRANCH
                    if: CALL 'public final fun ANDAND (arg0: kotlin.Boolean, arg1: kotlin.Boolean): kotlin.Boolean declared in kotlin.internal.ir' type=kotlin.Boolean origin=null
                      arg0: COMPOSITE type=kotlin.Boolean origin=null
                        VAR IR_TEMPORARY_VARIABLE name:tmp1_safe_receiver type:kotlin.String [val]
                          CALL 'public final fun <get-mime_type> (): kotlin.String declared in <root>.Attachment' type=kotlin.String origin=GET_PROPERTY
                            $this: CALL 'public final fun first <T> (): T of kotlin.collections.CollectionsKt.first declared in kotlin.collections.CollectionsKt' type=<root>.Attachment origin=null
                              <T>: <root>.Attachment
                              $receiver: CALL 'public final fun <get-attachments> (): kotlin.collections.List<<root>.Attachment> declared in <root>.Message' type=kotlin.collections.List<<root>.Attachment> origin=GET_PROPERTY
                                $this: GET_VAR 'reply: <root>.Message declared in com.codewithram.secretchat.ui.home.ChatAdapter.SentMessageViewHolder.bind$lambda$14' type=<root>.Message origin=null
                        CALL 'public final fun not (): kotlin.Boolean [operator] declared in kotlin.Boolean' type=kotlin.Boolean origin=null
                          $this: CALL 'public final fun EQEQ (arg0: kotlin.Any?, arg1: kotlin.Any?): kotlin.Boolean declared in kotlin.internal.ir' type=kotlin.Boolean origin=null
                            arg0: GET_VAR 'val tmp1_safe_receiver: kotlin.String [val] declared in com.codewithram.secretchat.ui.home.ChatAdapter.SentMessageViewHolder.bind$lambda$14' type=kotlin.String origin=null
                            arg1: CONST Null type=kotlin.Nothing? value=null
                      arg1: COMPOSITE type=kotlin.Boolean origin=null
                        VAR IR_TEMPORARY_VARIABLE name:tmp2_elvis_lhs type:kotlin.String [val]
                          CALL 'public final fun lowercase (): kotlin.String [inline] declared in kotlin.text.StringsKt' type=kotlin.String origin=null
                            $receiver: GET_VAR 'val tmp1_safe_receiver: kotlin.String [val] declared in com.codewithram.secretchat.ui.home.ChatAdapter.SentMessageViewHolder.bind$lambda$14' type=kotlin.String origin=null
                        CALL 'public final fun not (): kotlin.Boolean [operator] declared in kotlin.Boolean' type=kotlin.Boolean origin=null
                          $this: CALL 'public final fun EQEQ (arg0: kotlin.Any?, arg1: kotlin.Any?): kotlin.Boolean declared in kotlin.internal.ir' type=kotlin.Boolean origin=null
                            arg0: GET_VAR 'val tmp2_elvis_lhs: kotlin.String [val] declared in com.codewithram.secretchat.ui.home.ChatAdapter.SentMessageViewHolder.bind$lambda$14' type=kotlin.String origin=null
                            arg1: CONST Null type=kotlin.Nothing? value=null
                    then: GET_VAR 'val tmp2_elvis_lhs: kotlin.String [val] declared in com.codewithram.secretchat.ui.home.ChatAdapter.SentMessageViewHolder.bind$lambda$14' type=kotlin.String origin=null
                  BRANCH
                    if: CONST Boolean type=kotlin.Boolean value=true
                    then: CONST String type=kotlin.String value=""
            WHEN type=kotlin.String origin=WHEN
              BRANCH
                if: CALL 'public final fun startsWith$default (prefix: kotlin.String, ignoreCase: kotlin.Boolean, $mask0: kotlin.Int, $handler: kotlin.Any?): kotlin.Boolean declared in kotlin.text.StringsKt' type=kotlin.Boolean origin=DEFAULT_DISPATCH_CALL
                  $receiver: GET_VAR 'val firstMime: kotlin.String [val] declared in com.codewithram.secretchat.ui.home.ChatAdapter.SentMessageViewHolder.bind$lambda$14' type=kotlin.String origin=null
                  prefix: CONST String type=kotlin.String value="image"
                  ignoreCase: COMPOSITE type=kotlin.Boolean origin=DEFAULT_VALUE
                    CONST Boolean type=kotlin.Boolean value=false
                  $mask0: CONST Int type=kotlin.Int value=2
                  $handler: CONST Null type=kotlin.Any? value=null
                then: CONST String type=kotlin.String value="[Image]"
              BRANCH
                if: CALL 'public final fun startsWith$default (prefix: kotlin.String, ignoreCase: kotlin.Boolean, $mask0: kotlin.Int, $handler: kotlin.Any?): kotlin.Boolean declared in kotlin.text.StringsKt' type=kotlin.Boolean origin=DEFAULT_DISPATCH_CALL
                  $receiver: GET_VAR 'val firstMime: kotlin.String [val] declared in com.codewithram.secretchat.ui.home.ChatAdapter.SentMessageViewHolder.bind$lambda$14' type=kotlin.String origin=null
                  prefix: CONST String type=kotlin.String value="video"
                  ignoreCase: COMPOSITE type=kotlin.Boolean origin=DEFAULT_VALUE
                    CONST Boolean type=kotlin.Boolean value=false
                  $mask0: CONST Int type=kotlin.Int value=2
                  $handler: CONST Null type=kotlin.Any? value=null
                then: CONST String type=kotlin.String value="[Video]"
              BRANCH
                if: CALL 'public final fun startsWith$default (prefix: kotlin.String, ignoreCase: kotlin.Boolean, $mask0: kotlin.Int, $handler: kotlin.Any?): kotlin.Boolean declared in kotlin.text.StringsKt' type=kotlin.Boolean origin=DEFAULT_DISPATCH_CALL
                  $receiver: GET_VAR 'val firstMime: kotlin.String [val] declared in com.codewithram.secretchat.ui.home.ChatAdapter.SentMessageViewHolder.bind$lambda$14' type=kotlin.String origin=null
                  prefix: CONST String type=kotlin.String value="audio"
                  ignoreCase: COMPOSITE type=kotlin.Boolean origin=DEFAULT_VALUE
                    CONST Boolean type=kotlin.Boolean value=false
                  $mask0: CONST Int type=kotlin.Int value=2
                  $handler: CONST Null type=kotlin.Any? value=null
                then: CONST String type=kotlin.String value="[Audio]"
              BRANCH
                if: CONST Boolean type=kotlin.Boolean value=true
                then: CONST String type=kotlin.String value="[Attachment]"
        BRANCH
          if: CALL 'public final fun not (): kotlin.Boolean [operator] declared in kotlin.Boolean' type=kotlin.Boolean origin=null
            $this: CALL 'public final fun isNullOrBlank (): kotlin.Boolean [inline] declared in kotlin.text.StringsKt' type=kotlin.Boolean origin=null
              $receiver: CALL 'public final fun <get-encrypted_body> (): kotlin.String declared in <root>.Message' type=kotlin.String origin=GET_PROPERTY
                $this: GET_VAR 'reply: <root>.Message declared in com.codewithram.secretchat.ui.home.ChatAdapter.SentMessageViewHolder.bind$lambda$14' type=<root>.Message origin=null
          then: CALL 'public final fun <get-encrypted_body> (): kotlin.String declared in <root>.Message' type=kotlin.String origin=GET_PROPERTY
            $this: GET_VAR 'reply: <root>.Message declared in com.codewithram.secretchat.ui.home.ChatAdapter.SentMessageViewHolder.bind$lambda$14' type=<root>.Message origin=null
        BRANCH
          if: CONST Boolean type=kotlin.Boolean value=true
          then: CONST String type=kotlin.String value="[Reply]"
    COMPOSITE type=kotlin.Unit origin=null
      CALL 'public final fun apply <T> (block: @[ExtensionFunctionType] kotlin.Function1<T of kotlin.StandardKt.apply, kotlin.Unit>): T of kotlin.StandardKt.apply [inline] declared in kotlin.StandardKt' type=@[EnhancedNullability] android.widget.LinearLayout origin=null
        <T>: @[EnhancedNullability] android.widget.LinearLayout
        $receiver: GET_FIELD 'FIELD IR_EXTERNAL_JAVA_DECLARATION_STUB name:replyImageContainer type:@[EnhancedNullability] android.widget.LinearLayout visibility:public [final] declared in com.codewithram.secretchat.databinding.ItemMessageSentBinding' type=@[EnhancedNullability] android.widget.LinearLayout superQualifierSymbol=com.codewithram.secretchat.databinding.ItemMessageSentBinding origin=null
          receiver: GET_FIELD 'FIELD PROPERTY_BACKING_FIELD name:binding type:com.codewithram.secretchat.databinding.ItemMessageSentBinding visibility:private [final]' type=com.codewithram.secretchat.databinding.ItemMessageSentBinding origin=null
            receiver: GET_VAR 'this$0: com.codewithram.secretchat.ui.home.ChatAdapter.SentMessageViewHolder declared in com.codewithram.secretchat.ui.home.ChatAdapter.SentMessageViewHolder.bind$lambda$14' type=com.codewithram.secretchat.ui.home.ChatAdapter.SentMessageViewHolder origin=null
        block: BLOCK type=@[ExtensionFunctionType] kotlin.Function1<@[EnhancedNullability] android.widget.LinearLayout, kotlin.Unit> origin=LAMBDA
          COMPOSITE type=kotlin.Unit origin=null
          FUNCTION_REFERENCE 'private final fun bind$lambda$14$lambda$9 ($reply: <root>.Message, this$0: com.codewithram.secretchat.ui.home.ChatAdapter.SentMessageViewHolder): kotlin.Unit declared in com.codewithram.secretchat.ui.home.ChatAdapter.SentMessageViewHolder' type=@[ExtensionFunctionType] kotlin.Function1<@[EnhancedNullability] android.widget.LinearLayout, kotlin.Unit> origin=INLINE_LAMBDA reflectionTarget=null
            $reply: GET_VAR 'reply: <root>.Message declared in com.codewithram.secretchat.ui.home.ChatAdapter.SentMessageViewHolder.bind$lambda$14' type=<root>.Message origin=null
            this$0: GET_VAR 'this$0: com.codewithram.secretchat.ui.home.ChatAdapter.SentMessageViewHolder declared in com.codewithram.secretchat.ui.home.ChatAdapter.SentMessageViewHolder.bind$lambda$14' type=com.codewithram.secretchat.ui.home.ChatAdapter.SentMessageViewHolder origin=null
      COMPOSITE type=kotlin.Unit origin=null
    CALL 'public open fun setBackgroundColor (p0: kotlin.Int): kotlin.Unit [fake_override] declared in android.widget.LinearLayout' type=kotlin.Unit origin=null
      $this: GET_FIELD 'FIELD IR_EXTERNAL_JAVA_DECLARATION_STUB name:replyLayout type:@[EnhancedNullability] android.widget.LinearLayout visibility:public [final] declared in com.codewithram.secretchat.databinding.ItemMessageSentBinding' type=@[EnhancedNullability] android.widget.LinearLayout superQualifierSymbol=com.codewithram.secretchat.databinding.ItemMessageSentBinding origin=null
        receiver: GET_FIELD 'FIELD PROPERTY_BACKING_FIELD name:binding type:com.codewithram.secretchat.databinding.ItemMessageSentBinding visibility:private [final]' type=com.codewithram.secretchat.databinding.ItemMessageSentBinding origin=null
          receiver: GET_VAR 'this$0: com.codewithram.secretchat.ui.home.ChatAdapter.SentMessageViewHolder declared in com.codewithram.secretchat.ui.home.ChatAdapter.SentMessageViewHolder.bind$lambda$14' type=com.codewithram.secretchat.ui.home.ChatAdapter.SentMessageViewHolder origin=null
      p0: CALL 'public open fun getColor (p0: @[NonNull] @[FlexibleNullability] android.content.Context?, p1: kotlin.Int): kotlin.Int declared in androidx.core.content.ContextCompat' type=kotlin.Int origin=null
        p0: GET_VAR '$ctx: @[FlexibleNullability] android.content.Context? declared in com.codewithram.secretchat.ui.home.ChatAdapter.SentMessageViewHolder.bind$lambda$14' type=@[FlexibleNullability] android.content.Context? origin=null
        p1: GET_FIELD 'FIELD IR_EXTERNAL_JAVA_DECLARATION_STUB name:call_card_background type:kotlin.Int visibility:public [static] declared in com.codewithram.secretchat.R.color' type=kotlin.Int superQualifierSymbol=com.codewithram.secretchat.R.color origin=null
    VAR name:purpleBarLeft type:android.view.View [val]
      CALL 'public final fun apply <T> (block: @[ExtensionFunctionType] kotlin.Function1<T of kotlin.StandardKt.apply, kotlin.Unit>): T of kotlin.StandardKt.apply [inline] declared in kotlin.StandardKt' type=android.view.View origin=null
        <T>: android.view.View
        $receiver: CONSTRUCTOR_CALL 'public constructor <init> (p0: @[FlexibleNullability] android.content.Context?) declared in android.view.View' type=android.view.View origin=null
          p0: GET_VAR '$ctx: @[FlexibleNullability] android.content.Context? declared in com.codewithram.secretchat.ui.home.ChatAdapter.SentMessageViewHolder.bind$lambda$14' type=@[FlexibleNullability] android.content.Context? origin=null
        block: BLOCK type=@[ExtensionFunctionType] kotlin.Function1<android.view.View, kotlin.Unit> origin=LAMBDA
          COMPOSITE type=kotlin.Unit origin=null
          FUNCTION_REFERENCE 'private final fun bind$lambda$14$lambda$11 (this$0: com.codewithram.secretchat.ui.home.ChatAdapter.SentMessageViewHolder, $ctx: @[FlexibleNullability] android.content.Context?): kotlin.Unit declared in com.codewithram.secretchat.ui.home.ChatAdapter.SentMessageViewHolder' type=@[ExtensionFunctionType] kotlin.Function1<android.view.View, kotlin.Unit> origin=INLINE_LAMBDA reflectionTarget=null
            this$0: GET_VAR 'this$0: com.codewithram.secretchat.ui.home.ChatAdapter.SentMessageViewHolder declared in com.codewithram.secretchat.ui.home.ChatAdapter.SentMessageViewHolder.bind$lambda$14' type=com.codewithram.secretchat.ui.home.ChatAdapter.SentMessageViewHolder origin=null
            $ctx: GET_VAR '$ctx: @[FlexibleNullability] android.content.Context? declared in com.codewithram.secretchat.ui.home.ChatAdapter.SentMessageViewHolder.bind$lambda$14' type=@[FlexibleNullability] android.content.Context? origin=null
    CALL 'public open fun addView (p0: @[FlexibleNullability] android.view.View?, p1: kotlin.Int): kotlin.Unit [fake_override] declared in android.widget.LinearLayout' type=kotlin.Unit origin=null
      $this: GET_FIELD 'FIELD IR_EXTERNAL_JAVA_DECLARATION_STUB name:replyLayout type:@[EnhancedNullability] android.widget.LinearLayout visibility:public [final] declared in com.codewithram.secretchat.databinding.ItemMessageSentBinding' type=@[EnhancedNullability] android.widget.LinearLayout superQualifierSymbol=com.codewithram.secretchat.databinding.ItemMessageSentBinding origin=null
        receiver: GET_FIELD 'FIELD PROPERTY_BACKING_FIELD name:binding type:com.codewithram.secretchat.databinding.ItemMessageSentBinding visibility:private [final]' type=com.codewithram.secretchat.databinding.ItemMessageSentBinding origin=null
          receiver: GET_VAR 'this$0: com.codewithram.secretchat.ui.home.ChatAdapter.SentMessageViewHolder declared in com.codewithram.secretchat.ui.home.ChatAdapter.SentMessageViewHolder.bind$lambda$14' type=com.codewithram.secretchat.ui.home.ChatAdapter.SentMessageViewHolder origin=null
      p0: GET_VAR 'val purpleBarLeft: android.view.View [val] declared in com.codewithram.secretchat.ui.home.ChatAdapter.SentMessageViewHolder.bind$lambda$14' type=android.view.View origin=null
      p1: CONST Int type=kotlin.Int value=0
    CALL 'public open fun invalidate (): kotlin.Unit [fake_override] declared in android.widget.LinearLayout' type=kotlin.Unit origin=null
      $this: GET_FIELD 'FIELD IR_EXTERNAL_JAVA_DECLARATION_STUB name:replyLayout type:@[EnhancedNullability] android.widget.LinearLayout visibility:public [final] declared in com.codewithram.secretchat.databinding.ItemMessageSentBinding' type=@[EnhancedNullability] android.widget.LinearLayout superQualifierSymbol=com.codewithram.secretchat.databinding.ItemMessageSentBinding origin=null
        receiver: GET_FIELD 'FIELD PROPERTY_BACKING_FIELD name:binding type:com.codewithram.secretchat.databinding.ItemMessageSentBinding visibility:private [final]' type=com.codewithram.secretchat.databinding.ItemMessageSentBinding origin=null
          receiver: GET_VAR 'this$0: com.codewithram.secretchat.ui.home.ChatAdapter.SentMessageViewHolder declared in com.codewithram.secretchat.ui.home.ChatAdapter.SentMessageViewHolder.bind$lambda$14' type=com.codewithram.secretchat.ui.home.ChatAdapter.SentMessageViewHolder origin=null
    CALL 'public open fun setOnClickListener (p0: @[EnhancedNullability] android.view.View.OnClickListener?): kotlin.Unit [fake_override] declared in android.widget.LinearLayout' type=kotlin.Unit origin=null
      $this: GET_FIELD 'FIELD IR_EXTERNAL_JAVA_DECLARATION_STUB name:replyLayout type:@[EnhancedNullability] android.widget.LinearLayout visibility:public [final] declared in com.codewithram.secretchat.databinding.ItemMessageSentBinding' type=@[EnhancedNullability] android.widget.LinearLayout superQualifierSymbol=com.codewithram.secretchat.databinding.ItemMessageSentBinding origin=null
        receiver: GET_FIELD 'FIELD PROPERTY_BACKING_FIELD name:binding type:com.codewithram.secretchat.databinding.ItemMessageSentBinding visibility:private [final]' type=com.codewithram.secretchat.databinding.ItemMessageSentBinding origin=null
          receiver: GET_VAR 'this$0: com.codewithram.secretchat.ui.home.ChatAdapter.SentMessageViewHolder declared in com.codewithram.secretchat.ui.home.ChatAdapter.SentMessageViewHolder.bind$lambda$14' type=com.codewithram.secretchat.ui.home.ChatAdapter.SentMessageViewHolder origin=null
      p0: BLOCK type=android.view.View.OnClickListener origin=LAMBDA
        COMPOSITE type=kotlin.Unit origin=null
        CALL 'public final fun <jvm-indy> <T> (dynamicCall: T of kotlin.jvm.internal.<jvm-indy>, bootstrapMethodHandle: kotlin.Any, vararg bootstrapMethodArguments: kotlin.Any): T of kotlin.jvm.internal.<jvm-indy> declared in kotlin.jvm.internal' type=android.view.View.OnClickListener origin=null
          <T>: android.view.View.OnClickListener
          dynamicCall: CALL 'public final fun onClick (p0: <root>.Message, p1: com.codewithram.secretchat.ui.home.ChatAdapter): android.view.View.OnClickListener declared in kotlin.jvm.internal.invokeDynamic' type=android.view.View.OnClickListener origin=null
            p0: GET_VAR 'reply: <root>.Message declared in com.codewithram.secretchat.ui.home.ChatAdapter.SentMessageViewHolder.bind$lambda$14' type=<root>.Message origin=null
            p1: GET_VAR 'this$1: com.codewithram.secretchat.ui.home.ChatAdapter declared in com.codewithram.secretchat.ui.home.ChatAdapter.SentMessageViewHolder.bind$lambda$14' type=com.codewithram.secretchat.ui.home.ChatAdapter origin=null
          bootstrapMethodHandle: CALL 'public final fun <jvm-method-handle> (tag: kotlin.Int, owner: kotlin.String, name: kotlin.String, descriptor: kotlin.String, isInterface: kotlin.Boolean): kotlin.Any declared in kotlin.jvm.internal' type=kotlin.Any origin=null
            tag: CONST Int type=kotlin.Int value=6
            owner: CONST String type=kotlin.String value="java/lang/invoke/LambdaMetafactory"
            name: CONST String type=kotlin.String value="metafactory"
            descriptor: CONST String type=kotlin.String value="(Ljava/lang/invoke/MethodHandles$Lookup;Ljava/lang/String;Ljava/lang/invoke/MethodType;Ljava/lang/invoke/MethodType;Ljava/lang/invoke/MethodHandle;Ljava/lang/invoke/MethodType;)Ljava/lang/invoke/CallSite;"
            isInterface: CONST Boolean type=kotlin.Boolean value=false
          bootstrapMethodArguments: VARARG type=kotlin.Array<kotlin.Any> varargElementType=kotlin.Any
            CALL 'public final fun <jvm-original-method-type> (method: kotlin.Any): kotlin.Any declared in kotlin.jvm.internal' type=kotlin.Any origin=null
              method: RAW_FUNCTION_REFERENCE 'public abstract fun onClick (p0: @[FlexibleNullability] android.view.View?): kotlin.Unit declared in android.view.View.OnClickListener' type=kotlin.Any
            RAW_FUNCTION_REFERENCE 'private final fun bind$lambda$14$lambda$13 ($reply: <root>.Message, this$0: com.codewithram.secretchat.ui.home.ChatAdapter, it: @[FlexibleNullability] android.view.View?): kotlin.Unit declared in com.codewithram.secretchat.ui.home.ChatAdapter.SentMessageViewHolder' type=kotlin.Any
            CALL 'public final fun <jvm-original-method-type> (method: kotlin.Any): kotlin.Any declared in kotlin.jvm.internal' type=kotlin.Any origin=null
              method: RAW_FUNCTION_REFERENCE 'public abstract fun onClick (p0: @[FlexibleNullability] android.view.View?): kotlin.Unit [fake_override] declared in kotlin.jvm.internal.invokeDynamic.<fake>' type=kotlin.Any

	at org.jetbrains.kotlin.backend.jvm.codegen.FunctionCodegen.generate(FunctionCodegen.kt:47)
	at org.jetbrains.kotlin.backend.jvm.codegen.IrSourceCompilerForInline.generateLambdaBody(IrSourceCompilerForInline.kt:67)
	at org.jetbrains.kotlin.codegen.inline.ExpressionLambda.generateLambdaBody(LambdaInfo.kt:72)
	at org.jetbrains.kotlin.backend.jvm.codegen.IrInlineCodegen.genValueAndPut(IrInlineCodegen.kt:100)
	at org.jetbrains.kotlin.backend.jvm.codegen.ExpressionCodegen.visitCall$handleParameter(ExpressionCodegen.kt:616)
	at org.jetbrains.kotlin.backend.jvm.codegen.ExpressionCodegen.visitCall(ExpressionCodegen.kt:644)
	at org.jetbrains.kotlin.backend.jvm.codegen.ExpressionCodegen.visitCall(ExpressionCodegen.kt:138)
	at org.jetbrains.kotlin.ir.expressions.IrCall.accept(IrCall.kt:24)
	at org.jetbrains.kotlin.backend.jvm.codegen.ExpressionCodegen.visitVariable(ExpressionCodegen.kt:790)
	at org.jetbrains.kotlin.backend.jvm.codegen.ExpressionCodegen.visitVariable(ExpressionCodegen.kt:138)
	at org.jetbrains.kotlin.ir.declarations.IrVariable.accept(IrVariable.kt:36)
	at org.jetbrains.kotlin.backend.jvm.codegen.ExpressionCodegen.visitStatementContainer(ExpressionCodegen.kt:579)
	at org.jetbrains.kotlin.backend.jvm.codegen.ExpressionCodegen.visitContainerExpression(ExpressionCodegen.kt:593)
	at org.jetbrains.kotlin.backend.jvm.codegen.ExpressionCodegen.visitContainerExpression(ExpressionCodegen.kt:138)
	at org.jetbrains.kotlin.ir.visitors.IrElementVisitor$DefaultImpls.visitComposite(IrElementVisitor.kt:125)
	at org.jetbrains.kotlin.backend.jvm.codegen.ExpressionCodegen.visitComposite(ExpressionCodegen.kt:138)
	at org.jetbrains.kotlin.backend.jvm.codegen.ExpressionCodegen.visitComposite(ExpressionCodegen.kt:138)
	at org.jetbrains.kotlin.ir.expressions.IrComposite.accept(IrComposite.kt:18)
	at org.jetbrains.kotlin.backend.jvm.intrinsics.AndAnd$BooleanConjunction.jumpIfFalse(AndAnd.kt:26)
	at org.jetbrains.kotlin.backend.jvm.codegen.ExpressionCodegen.visitWhen(ExpressionCodegen.kt:1098)
	at org.jetbrains.kotlin.backend.jvm.codegen.ExpressionCodegen.visitWhen(ExpressionCodegen.kt:138)
	at org.jetbrains.kotlin.ir.expressions.IrWhen.accept(IrWhen.kt:24)
	at org.jetbrains.kotlin.backend.jvm.codegen.ExpressionCodegen.visitStatementContainer(ExpressionCodegen.kt:579)
	at org.jetbrains.kotlin.backend.jvm.codegen.ExpressionCodegen.visitContainerExpression(ExpressionCodegen.kt:593)
	at org.jetbrains.kotlin.backend.jvm.codegen.ExpressionCodegen.visitContainerExpression(ExpressionCodegen.kt:138)
	at org.jetbrains.kotlin.ir.visitors.IrElementVisitor$DefaultImpls.visitBlock(IrElementVisitor.kt:122)
	at org.jetbrains.kotlin.backend.jvm.codegen.ExpressionCodegen.visitBlock(ExpressionCodegen.kt:413)
	at org.jetbrains.kotlin.backend.jvm.codegen.ExpressionCodegen.visitBlock(ExpressionCodegen.kt:138)
	at org.jetbrains.kotlin.ir.expressions.IrBlock.accept(IrBlock.kt:18)
	at org.jetbrains.kotlin.backend.jvm.codegen.ExpressionCodegen.visitStatementContainer(ExpressionCodegen.kt:579)
	at org.jetbrains.kotlin.backend.jvm.codegen.ExpressionCodegen.visitBlockBody(ExpressionCodegen.kt:584)
	at org.jetbrains.kotlin.backend.jvm.codegen.ExpressionCodegen.visitBlockBody(ExpressionCodegen.kt:138)
	at org.jetbrains.kotlin.ir.expressions.IrBlockBody.accept(IrBlockBody.kt:20)
	at org.jetbrains.kotlin.backend.jvm.codegen.ExpressionCodegen.generate(ExpressionCodegen.kt:240)
	at org.jetbrains.kotlin.backend.jvm.codegen.FunctionCodegen.doGenerate(FunctionCodegen.kt:123)
	at org.jetbrains.kotlin.backend.jvm.codegen.FunctionCodegen.generate(FunctionCodegen.kt:44)
	... 55 more
Caused by: java.lang.RuntimeException: Exception while generating code for:
FUN INLINE_LAMBDA name:bind$lambda$14$lambda$11 visibility:private modality:FINAL <> ($receiver:android.view.View, this$0:com.codewithram.secretchat.ui.home.ChatAdapter.SentMessageViewHolder, $ctx:@[FlexibleNullability] android.content.Context?) returnType:kotlin.Unit
  $receiver: VALUE_PARAMETER name:$this$apply type:android.view.View
  VALUE_PARAMETER BOUND_VALUE_PARAMETER name:this$0 index:0 type:com.codewithram.secretchat.ui.home.ChatAdapter.SentMessageViewHolder
  VALUE_PARAMETER BOUND_VALUE_PARAMETER name:$ctx index:1 type:@[FlexibleNullability] android.content.Context?
  BLOCK_BODY
    VAR name:$i$a$-apply-ChatAdapter$SentMessageViewHolder$bind$1$purpleBarLeft$1 type:kotlin.Int [val]
      CONST Int type=kotlin.Int value=0
    CALL 'public open fun setLayoutParams (p0: @[FlexibleNullability] android.view.ViewGroup.LayoutParams?): kotlin.Unit declared in android.view.View' type=kotlin.Unit origin=EQ
      $this: GET_VAR '$this$apply: android.view.View declared in com.codewithram.secretchat.ui.home.ChatAdapter.SentMessageViewHolder.bind$lambda$14$lambda$11' type=android.view.View origin=null
      p0: CALL 'public final fun apply <T> (block: @[ExtensionFunctionType] kotlin.Function1<T of kotlin.StandardKt.apply, kotlin.Unit>): T of kotlin.StandardKt.apply [inline] declared in kotlin.StandardKt' type=android.widget.LinearLayout.LayoutParams origin=null
        <T>: android.widget.LinearLayout.LayoutParams
        $receiver: CONSTRUCTOR_CALL 'public constructor <init> (p0: kotlin.Int, p1: kotlin.Int) declared in android.widget.LinearLayout.LayoutParams' type=android.widget.LinearLayout.LayoutParams origin=null
          p0: CALL 'private final fun <get-dp> (): kotlin.Int declared in com.codewithram.secretchat.ui.home.ChatAdapter.SentMessageViewHolder' type=kotlin.Int origin=GET_PROPERTY
            $this: GET_VAR 'this$0: com.codewithram.secretchat.ui.home.ChatAdapter.SentMessageViewHolder declared in com.codewithram.secretchat.ui.home.ChatAdapter.SentMessageViewHolder.bind$lambda$14$lambda$11' type=com.codewithram.secretchat.ui.home.ChatAdapter.SentMessageViewHolder origin=null
            $receiver: CONST Int type=kotlin.Int value=8
          p1: CONST Int type=kotlin.Int value=-1
        block: BLOCK type=@[ExtensionFunctionType] kotlin.Function1<android.widget.LinearLayout.LayoutParams, kotlin.Unit> origin=LAMBDA
          COMPOSITE type=kotlin.Unit origin=null
          FUNCTION_REFERENCE 'private final fun bind$lambda$14$lambda$11$lambda$10 (this$0: com.codewithram.secretchat.ui.home.ChatAdapter.SentMessageViewHolder): kotlin.Unit declared in com.codewithram.secretchat.ui.home.ChatAdapter.SentMessageViewHolder' type=@[ExtensionFunctionType] kotlin.Function1<android.widget.LinearLayout.LayoutParams, kotlin.Unit> origin=INLINE_LAMBDA reflectionTarget=null
            this$0: GET_VAR 'this$0: com.codewithram.secretchat.ui.home.ChatAdapter.SentMessageViewHolder declared in com.codewithram.secretchat.ui.home.ChatAdapter.SentMessageViewHolder.bind$lambda$14$lambda$11' type=com.codewithram.secretchat.ui.home.ChatAdapter.SentMessageViewHolder origin=null
    CALL 'public open fun setBackgroundColor (p0: kotlin.Int): kotlin.Unit declared in android.view.View' type=kotlin.Unit origin=null
      $this: GET_VAR '$this$apply: android.view.View declared in com.codewithram.secretchat.ui.home.ChatAdapter.SentMessageViewHolder.bind$lambda$14$lambda$11' type=android.view.View origin=null
      p0: CALL 'public open fun getColor (p0: @[NonNull] @[FlexibleNullability] android.content.Context?, p1: kotlin.Int): kotlin.Int declared in androidx.core.content.ContextCompat' type=kotlin.Int origin=null
        p0: GET_VAR '$ctx: @[FlexibleNullability] android.content.Context? declared in com.codewithram.secretchat.ui.home.ChatAdapter.SentMessageViewHolder.bind$lambda$14$lambda$11' type=@[FlexibleNullability] android.content.Context? origin=null
        p1: GET_FIELD 'FIELD IR_EXTERNAL_JAVA_DECLARATION_STUB name:purple_700 type:kotlin.Int visibility:public [static] declared in com.codewithram.secretchat.R.color' type=kotlin.Int superQualifierSymbol=com.codewithram.secretchat.R.color origin=null

	at org.jetbrains.kotlin.backend.jvm.codegen.FunctionCodegen.generate(FunctionCodegen.kt:47)
	at org.jetbrains.kotlin.backend.jvm.codegen.IrSourceCompilerForInline.generateLambdaBody(IrSourceCompilerForInline.kt:67)
	at org.jetbrains.kotlin.codegen.inline.ExpressionLambda.generateLambdaBody(LambdaInfo.kt:72)
	at org.jetbrains.kotlin.backend.jvm.codegen.IrInlineCodegen.genValueAndPut(IrInlineCodegen.kt:100)
	at org.jetbrains.kotlin.backend.jvm.codegen.ExpressionCodegen.visitCall$handleParameter(ExpressionCodegen.kt:616)
	at org.jetbrains.kotlin.backend.jvm.codegen.ExpressionCodegen.visitCall(ExpressionCodegen.kt:644)
	at org.jetbrains.kotlin.backend.jvm.codegen.ExpressionCodegen.visitCall(ExpressionCodegen.kt:138)
	at org.jetbrains.kotlin.ir.expressions.IrCall.accept(IrCall.kt:24)
	at org.jetbrains.kotlin.backend.jvm.codegen.ExpressionCodegen.visitVariable(ExpressionCodegen.kt:790)
	at org.jetbrains.kotlin.backend.jvm.codegen.ExpressionCodegen.visitVariable(ExpressionCodegen.kt:138)
	at org.jetbrains.kotlin.ir.declarations.IrVariable.accept(IrVariable.kt:36)
	at org.jetbrains.kotlin.backend.jvm.codegen.ExpressionCodegen.visitStatementContainer(ExpressionCodegen.kt:579)
	at org.jetbrains.kotlin.backend.jvm.codegen.ExpressionCodegen.visitBlockBody(ExpressionCodegen.kt:584)
	at org.jetbrains.kotlin.backend.jvm.codegen.ExpressionCodegen.visitBlockBody(ExpressionCodegen.kt:138)
	at org.jetbrains.kotlin.ir.expressions.IrBlockBody.accept(IrBlockBody.kt:20)
	at org.jetbrains.kotlin.backend.jvm.codegen.ExpressionCodegen.generate(ExpressionCodegen.kt:240)
	at org.jetbrains.kotlin.backend.jvm.codegen.FunctionCodegen.doGenerate(FunctionCodegen.kt:123)
	at org.jetbrains.kotlin.backend.jvm.codegen.FunctionCodegen.generate(FunctionCodegen.kt:44)
	... 90 more
Caused by: java.lang.RuntimeException: Exception while generating code for:
FUN INLINE_LAMBDA name:bind$lambda$14$lambda$11$lambda$10 visibility:private modality:FINAL <> ($receiver:android.widget.LinearLayout.LayoutParams, this$0:com.codewithram.secretchat.ui.home.ChatAdapter.SentMessageViewHolder) returnType:kotlin.Unit
  $receiver: VALUE_PARAMETER name:$this$apply type:android.widget.LinearLayout.LayoutParams
  VALUE_PARAMETER BOUND_VALUE_PARAMETER name:this$0 index:0 type:com.codewithram.secretchat.ui.home.ChatAdapter.SentMessageViewHolder
  BLOCK_BODY
    VAR name:$i$a$-apply-ChatAdapter$SentMessageViewHolder$bind$1$purpleBarLeft$1$1 type:kotlin.Int [val]
      CONST Int type=kotlin.Int value=0
    SET_FIELD 'FIELD IR_EXTERNAL_JAVA_DECLARATION_STUB name:minWidth type:kotlin.Int visibility:public [final,static] declared in android.R.attr' type=kotlin.Unit superQualifierSymbol=android.R.attr origin=EQ
      value: CALL 'private final fun <get-dp> (): kotlin.Int declared in com.codewithram.secretchat.ui.home.ChatAdapter.SentMessageViewHolder' type=kotlin.Int origin=GET_PROPERTY
        $this: GET_VAR 'this$0: com.codewithram.secretchat.ui.home.ChatAdapter.SentMessageViewHolder declared in com.codewithram.secretchat.ui.home.ChatAdapter.SentMessageViewHolder.bind$lambda$14$lambda$11$lambda$10' type=com.codewithram.secretchat.ui.home.ChatAdapter.SentMessageViewHolder origin=null
        $receiver: CONST Int type=kotlin.Int value=8

	at org.jetbrains.kotlin.backend.jvm.codegen.FunctionCodegen.generate(FunctionCodegen.kt:47)
	at org.jetbrains.kotlin.backend.jvm.codegen.IrSourceCompilerForInline.generateLambdaBody(IrSourceCompilerForInline.kt:67)
	at org.jetbrains.kotlin.codegen.inline.ExpressionLambda.generateLambdaBody(LambdaInfo.kt:72)
	at org.jetbrains.kotlin.backend.jvm.codegen.IrInlineCodegen.genValueAndPut(IrInlineCodegen.kt:100)
	at org.jetbrains.kotlin.backend.jvm.codegen.ExpressionCodegen.visitCall$handleParameter(ExpressionCodegen.kt:616)
	at org.jetbrains.kotlin.backend.jvm.codegen.ExpressionCodegen.visitCall(ExpressionCodegen.kt:644)
	at org.jetbrains.kotlin.backend.jvm.codegen.ExpressionCodegen.visitCall(ExpressionCodegen.kt:138)
	at org.jetbrains.kotlin.ir.expressions.IrCall.accept(IrCall.kt:24)
	at org.jetbrains.kotlin.backend.jvm.codegen.ExpressionCodegen.gen(ExpressionCodegen.kt:217)
	at org.jetbrains.kotlin.backend.jvm.codegen.IrCallGenerator.genValueAndPut(IrCallGenerator.kt:48)
	at org.jetbrains.kotlin.backend.jvm.codegen.ExpressionCodegen.visitCall$handleParameter(ExpressionCodegen.kt:616)
	at org.jetbrains.kotlin.backend.jvm.codegen.ExpressionCodegen.visitCall(ExpressionCodegen.kt:644)
	at org.jetbrains.kotlin.backend.jvm.codegen.ExpressionCodegen.visitCall(ExpressionCodegen.kt:138)
	at org.jetbrains.kotlin.ir.expressions.IrCall.accept(IrCall.kt:24)
	at org.jetbrains.kotlin.backend.jvm.codegen.ExpressionCodegen.visitStatementContainer(ExpressionCodegen.kt:579)
	at org.jetbrains.kotlin.backend.jvm.codegen.ExpressionCodegen.visitBlockBody(ExpressionCodegen.kt:584)
	at org.jetbrains.kotlin.backend.jvm.codegen.ExpressionCodegen.visitBlockBody(ExpressionCodegen.kt:138)
	at org.jetbrains.kotlin.ir.expressions.IrBlockBody.accept(IrBlockBody.kt:20)
	at org.jetbrains.kotlin.backend.jvm.codegen.ExpressionCodegen.generate(ExpressionCodegen.kt:240)
	at org.jetbrains.kotlin.backend.jvm.codegen.FunctionCodegen.doGenerate(FunctionCodegen.kt:123)
	at org.jetbrains.kotlin.backend.jvm.codegen.FunctionCodegen.generate(FunctionCodegen.kt:44)
	... 107 more
Caused by: java.lang.AssertionError: access of const val: SET_FIELD 'FIELD IR_EXTERNAL_JAVA_DECLARATION_STUB name:minWidth type:kotlin.Int visibility:public [final,static] declared in android.R.attr' type=kotlin.Unit superQualifierSymbol=android.R.attr origin=EQ
  value: CALL 'private final fun <get-dp> (): kotlin.Int declared in com.codewithram.secretchat.ui.home.ChatAdapter.SentMessageViewHolder' type=kotlin.Int origin=GET_PROPERTY
    $this: GET_VAR 'this$0: com.codewithram.secretchat.ui.home.ChatAdapter.SentMessageViewHolder declared in com.codewithram.secretchat.ui.home.ChatAdapter.SentMessageViewHolder.bind$lambda$14$lambda$11$lambda$10' type=com.codewithram.secretchat.ui.home.ChatAdapter.SentMessageViewHolder origin=null
    $receiver: CONST Int type=kotlin.Int value=8

	at org.jetbrains.kotlin.backend.jvm.codegen.ExpressionCodegen.visitFieldAccess(ExpressionCodegen.kt:861)
	at org.jetbrains.kotlin.backend.jvm.codegen.ExpressionCodegen.visitFieldAccess(ExpressionCodegen.kt:138)
	at org.jetbrains.kotlin.ir.visitors.IrElementVisitor$DefaultImpls.visitSetField(IrElementVisitor.kt:206)
	at org.jetbrains.kotlin.backend.jvm.codegen.ExpressionCodegen.visitSetField(ExpressionCodegen.kt:908)
	at org.jetbrains.kotlin.backend.jvm.codegen.ExpressionCodegen.visitSetField(ExpressionCodegen.kt:138)
	at org.jetbrains.kotlin.ir.expressions.IrSetField.accept(IrSetField.kt:21)
	at org.jetbrains.kotlin.backend.jvm.codegen.ExpressionCodegen.visitStatementContainer(ExpressionCodegen.kt:579)
	at org.jetbrains.kotlin.backend.jvm.codegen.ExpressionCodegen.visitBlockBody(ExpressionCodegen.kt:584)
	at org.jetbrains.kotlin.backend.jvm.codegen.ExpressionCodegen.visitBlockBody(ExpressionCodegen.kt:138)
	at org.jetbrains.kotlin.ir.expressions.IrBlockBody.accept(IrBlockBody.kt:20)
	at org.jetbrains.kotlin.backend.jvm.codegen.ExpressionCodegen.generate(ExpressionCodegen.kt:240)
	at org.jetbrains.kotlin.backend.jvm.codegen.FunctionCodegen.doGenerate(FunctionCodegen.kt:123)
	at org.jetbrains.kotlin.backend.jvm.codegen.FunctionCodegen.generate(FunctionCodegen.kt:44)
	... 127 more


